Archive member included to satisfy reference by file (symbol)

./mbed/TARGET_NUCLEO_F446RE/TOOLCHAIN_GCC_ARM\libmbed.a(pinmap.o)
                              SerialHalfDuplex/SerialHalfDuplex.o (pin_function)
./mbed/TARGET_NUCLEO_F446RE/TOOLCHAIN_GCC_ARM\libmbed.a(serial_api.o)
                              mbed/TARGET_NUCLEO_F446RE/TOOLCHAIN_GCC_ARM/retarget.o (serial_init)
./mbed/TARGET_NUCLEO_F446RE/TOOLCHAIN_GCC_ARM\libmbed.a(us_ticker.o)
                              mbed/TARGET_NUCLEO_F446RE/TOOLCHAIN_GCC_ARM/mbed_overrides.o (us_ticker_read)
./mbed/TARGET_NUCLEO_F446RE/TOOLCHAIN_GCC_ARM\libmbed.a(FileSystemLike.o)
                              mbed/TARGET_NUCLEO_F446RE/TOOLCHAIN_GCC_ARM/retarget.o (mbed::FileSystemLike::opendir())
./mbed/TARGET_NUCLEO_F446RE/TOOLCHAIN_GCC_ARM\libmbed.a(FilePath.o)
                              mbed/TARGET_NUCLEO_F446RE/TOOLCHAIN_GCC_ARM/retarget.o (mbed::FilePath::FilePath(char const*))
./mbed/TARGET_NUCLEO_F446RE/TOOLCHAIN_GCC_ARM\libmbed.a(Serial.o)
                              SerialHalfDuplex/SerialHalfDuplex.o (mbed::Serial::_getc())
./mbed/TARGET_NUCLEO_F446RE/TOOLCHAIN_GCC_ARM\libmbed.a(SerialBase.o)
                              ./mbed/TARGET_NUCLEO_F446RE/TOOLCHAIN_GCC_ARM\libmbed.a(Serial.o) (mbed::SerialBase::SerialBase(PinName, PinName))
./mbed/TARGET_NUCLEO_F446RE/TOOLCHAIN_GCC_ARM\libmbed.a(Stream.o)
                              SerialHalfDuplex/SerialHalfDuplex.o (mbed::Stream::close())
./mbed/TARGET_NUCLEO_F446RE/TOOLCHAIN_GCC_ARM\libmbed.a(assert.o)
                              mbed/TARGET_NUCLEO_F446RE/TOOLCHAIN_GCC_ARM/board.o (mbed_assert_internal)
./mbed/TARGET_NUCLEO_F446RE/TOOLCHAIN_GCC_ARM\libmbed.a(error.o)
                              mbed/TARGET_NUCLEO_F446RE/TOOLCHAIN_GCC_ARM/retarget.o (error)
./mbed/TARGET_NUCLEO_F446RE/TOOLCHAIN_GCC_ARM\libmbed.a(gpio.o)
                              SerialHalfDuplex/SerialHalfDuplex.o (gpio_init_in)
./mbed/TARGET_NUCLEO_F446RE/TOOLCHAIN_GCC_ARM\libmbed.a(pinmap_common.o)
                              ./mbed/TARGET_NUCLEO_F446RE/TOOLCHAIN_GCC_ARM\libmbed.a(serial_api.o) (pinmap_pinout)
./mbed/TARGET_NUCLEO_F446RE/TOOLCHAIN_GCC_ARM\libmbed.a(wait_api.o)
                              ./mbed/TARGET_NUCLEO_F446RE/TOOLCHAIN_GCC_ARM\libmbed.a(SerialBase.o) (wait_us)
./mbed/TARGET_NUCLEO_F446RE/TOOLCHAIN_GCC_ARM\libmbed.a(us_ticker_api.o)
                              mbed/TARGET_NUCLEO_F446RE/TOOLCHAIN_GCC_ARM/hal_tick.o (us_ticker_irq_handler)
./mbed/TARGET_NUCLEO_F446RE/TOOLCHAIN_GCC_ARM\libmbed.a(PeripheralPins.o)
                              ./mbed/TARGET_NUCLEO_F446RE/TOOLCHAIN_GCC_ARM\libmbed.a(serial_api.o) (PinMap_UART_RX)
./mbed/TARGET_NUCLEO_F446RE/TOOLCHAIN_GCC_ARM\libmbed.a(gpio_api.o)
                              ./mbed/TARGET_NUCLEO_F446RE/TOOLCHAIN_GCC_ARM\libmbed.a(gpio.o) (gpio_init)
./mbed/TARGET_NUCLEO_F446RE/TOOLCHAIN_GCC_ARM\libmbed.a(FileBase.o)
                              ./mbed/TARGET_NUCLEO_F446RE/TOOLCHAIN_GCC_ARM\libmbed.a(FileSystemLike.o) (mbed::FileBase::~FileBase())
./mbed/TARGET_NUCLEO_F446RE/TOOLCHAIN_GCC_ARM\libmbed.a(FileLike.o)
                              ./mbed/TARGET_NUCLEO_F446RE/TOOLCHAIN_GCC_ARM\libmbed.a(Stream.o) (mbed::FileLike::FileLike(char const*))
./mbed/TARGET_NUCLEO_F446RE/TOOLCHAIN_GCC_ARM\libmbed.a(ticker_api.o)
                              ./mbed/TARGET_NUCLEO_F446RE/TOOLCHAIN_GCC_ARM\libmbed.a(us_ticker_api.o) (ticker_irq_handler)
c:/program files (x86)/gnu tools arm embedded/5.3 2016q1/bin/../lib/gcc/arm-none-eabi/5.3.1/../../../../arm-none-eabi/lib/armv7e-m/softfp\libstdc++_nano.a(atexit_arm.o)
                              main.o (__aeabi_atexit)
c:/program files (x86)/gnu tools arm embedded/5.3 2016q1/bin/../lib/gcc/arm-none-eabi/5.3.1/../../../../arm-none-eabi/lib/armv7e-m/softfp\libstdc++_nano.a(del_op.o)
                              main.o (operator delete(void*))
c:/program files (x86)/gnu tools arm embedded/5.3 2016q1/bin/../lib/gcc/arm-none-eabi/5.3.1/../../../../arm-none-eabi/lib/armv7e-m/softfp\libstdc++_nano.a(new_op.o)
                              ./mbed/TARGET_NUCLEO_F446RE/TOOLCHAIN_GCC_ARM\libmbed.a(FileSystemLike.o) (operator new(unsigned int))
c:/program files (x86)/gnu tools arm embedded/5.3 2016q1/bin/../lib/gcc/arm-none-eabi/5.3.1/../../../../arm-none-eabi/lib/armv7e-m/softfp\libstdc++_nano.a(new_handler.o)
                              c:/program files (x86)/gnu tools arm embedded/5.3 2016q1/bin/../lib/gcc/arm-none-eabi/5.3.1/../../../../arm-none-eabi/lib/armv7e-m/softfp\libstdc++_nano.a(new_op.o) (std::get_new_handler())
c:/program files (x86)/gnu tools arm embedded/5.3 2016q1/bin/../lib/gcc/arm-none-eabi/5.3.1/../../../../arm-none-eabi/lib/armv7e-m/softfp\libc_nano.a(lib_a-abort.o)
[...]
Memory Configuration

Name             Origin             Length             Attributes
FLASH            0x08000000         0x00080000         xr
RAM              0x200001c4         0x0001fe3c         xrw
*default*        0x00000000         0xffffffff

Linker script and memory map

LOAD c:/program files (x86)/gnu tools arm embedded/5.3 2016q1/bin/../lib/gcc/arm-none-eabi/5.3.1/armv7e-m/softfp/crti.o
LOAD c:/program files (x86)/gnu tools arm embedded/5.3 2016q1/bin/../lib/gcc/arm-none-eabi/5.3.1/armv7e-m/softfp/crtbegin.o
LOAD c:/program files (x86)/gnu tools arm embedded/5.3 2016q1/bin/../lib/gcc/arm-none-eabi/5.3.1/../../../../arm-none-eabi/lib/armv7e-m/softfp/crt0.o
LOAD main.o
LOAD SerialHalfDuplex/SerialHalfDuplex.o
LOAD MX106/MX106.o
LOAD communication_1/communication_1.o
LOAD mbed/TARGET_NUCLEO_F446RE/TOOLCHAIN_GCC_ARM/stm32f4xx_hal_flash_ramfunc.o
LOAD mbed/TARGET_NUCLEO_F446RE/TOOLCHAIN_GCC_ARM/board.o
LOAD mbed/TARGET_NUCLEO_F446RE/TOOLCHAIN_GCC_ARM/cmsis_nvic.o
LOAD mbed/TARGET_NUCLEO_F446RE/TOOLCHAIN_GCC_ARM/hal_tick.o
LOAD mbed/TARGET_NUCLEO_F446RE/TOOLCHAIN_GCC_ARM/mbed_overrides.o
LOAD mbed/TARGET_NUCLEO_F446RE/TOOLCHAIN_GCC_ARM/retarget.o
LOAD mbed/TARGET_NUCLEO_F446RE/TOOLCHAIN_GCC_ARM/startup_stm32f446xx.o
LOAD mbed/TARGET_NUCLEO_F446RE/TOOLCHAIN_GCC_ARM/stm32f4xx_hal.o
LOAD mbed/TARGET_NUCLEO_F446RE/TOOLCHAIN_GCC_ARM/stm32f4xx_hal_adc.o
LOAD mbed/TARGET_NUCLEO_F446RE/TOOLCHAIN_GCC_ARM/stm32f4xx_hal_adc_ex.o
LOAD mbed/TARGET_NUCLEO_F446RE/TOOLCHAIN_GCC_ARM/stm32f4xx_hal_can.o
LOAD mbed/TARGET_NUCLEO_F446RE/TOOLCHAIN_GCC_ARM/stm32f4xx_hal_cec.o
LOAD mbed/TARGET_NUCLEO_F446RE/TOOLCHAIN_GCC_ARM/stm32f4xx_hal_cortex.o
LOAD mbed/TARGET_NUCLEO_F446RE/TOOLCHAIN_GCC_ARM/stm32f4xx_hal_crc.o
LOAD mbed/TARGET_NUCLEO_F446RE/TOOLCHAIN_GCC_ARM/stm32f4xx_hal_cryp.o
LOAD mbed/TARGET_NUCLEO_F446RE/TOOLCHAIN_GCC_ARM/stm32f4xx_hal_cryp_ex.o
LOAD mbed/TARGET_NUCLEO_F446RE/TOOLCHAIN_GCC_ARM/stm32f4xx_hal_dac.o
LOAD mbed/TARGET_NUCLEO_F446RE/TOOLCHAIN_GCC_ARM/stm32f4xx_hal_dac_ex.o
LOAD mbed/TARGET_NUCLEO_F446RE/TOOLCHAIN_GCC_ARM/stm32f4xx_hal_dcmi.o
LOAD mbed/TARGET_NUCLEO_F446RE/TOOLCHAIN_GCC_ARM/stm32f4xx_hal_dcmi_ex.o
LOAD mbed/TARGET_NUCLEO_F446RE/TOOLCHAIN_GCC_ARM/stm32f4xx_hal_dma.o
LOAD mbed/TARGET_NUCLEO_F446RE/TOOLCHAIN_GCC_ARM/stm32f4xx_hal_dma2d.o
LOAD mbed/TARGET_NUCLEO_F446RE/TOOLCHAIN_GCC_ARM/stm32f4xx_hal_dma_ex.o
LOAD mbed/TARGET_NUCLEO_F446RE/TOOLCHAIN_GCC_ARM/stm32f4xx_hal_dsi.o
LOAD mbed/TARGET_NUCLEO_F446RE/TOOLCHAIN_GCC_ARM/stm32f4xx_hal_eth.o
LOAD mbed/TARGET_NUCLEO_F446RE/TOOLCHAIN_GCC_ARM/stm32f4xx_hal_flash.o
LOAD mbed/TARGET_NUCLEO_F446RE/TOOLCHAIN_GCC_ARM/stm32f4xx_hal_flash_ex.o
LOAD mbed/TARGET_NUCLEO_F446RE/TOOLCHAIN_GCC_ARM/stm32f4xx_hal_fmpi2c_ex.o
LOAD mbed/TARGET_NUCLEO_F446RE/TOOLCHAIN_GCC_ARM/stm32f4xx_hal_fmpi2c.o
LOAD mbed/TARGET_NUCLEO_F446RE/TOOLCHAIN_GCC_ARM/stm32f4xx_hal_msp_template.o
LOAD mbed/TARGET_NUCLEO_F446RE/TOOLCHAIN_GCC_ARM/stm32f4xx_hal_gpio.o
LOAD mbed/TARGET_NUCLEO_F446RE/TOOLCHAIN_GCC_ARM/stm32f4xx_hal_hash.o
LOAD mbed/TARGET_NUCLEO_F446RE/TOOLCHAIN_GCC_ARM/stm32f4xx_hal_hash_ex.o
LOAD mbed/TARGET_NUCLEO_F446RE/TOOLCHAIN_GCC_ARM/stm32f4xx_hal_hcd.o
LOAD mbed/TARGET_NUCLEO_F446RE/TOOLCHAIN_GCC_ARM/stm32f4xx_hal_i2c.o
LOAD mbed/TARGET_NUCLEO_F446RE/TOOLCHAIN_GCC_ARM/stm32f4xx_hal_i2c_ex.o
LOAD mbed/TARGET_NUCLEO_F446RE/TOOLCHAIN_GCC_ARM/stm32f4xx_hal_i2s.o
LOAD mbed/TARGET_NUCLEO_F446RE/TOOLCHAIN_GCC_ARM/stm32f4xx_hal_i2s_ex.o
LOAD mbed/TARGET_NUCLEO_F446RE/TOOLCHAIN_GCC_ARM/stm32f4xx_hal_irda.o
LOAD mbed/TARGET_NUCLEO_F446RE/TOOLCHAIN_GCC_ARM/stm32f4xx_hal_iwdg.o
LOAD mbed/TARGET_NUCLEO_F446RE/TOOLCHAIN_GCC_ARM/stm32f4xx_hal_lptim.o
LOAD mbed/TARGET_NUCLEO_F446RE/TOOLCHAIN_GCC_ARM/stm32f4xx_hal_ltdc.o
LOAD mbed/TARGET_NUCLEO_F446RE/TOOLCHAIN_GCC_ARM/stm32f4xx_hal_ltdc_ex.o
LOAD mbed/TARGET_NUCLEO_F446RE/TOOLCHAIN_GCC_ARM/stm32f4xx_hal_smartcard.o
LOAD mbed/TARGET_NUCLEO_F446RE/TOOLCHAIN_GCC_ARM/stm32f4xx_hal_nand.o
LOAD mbed/TARGET_NUCLEO_F446RE/TOOLCHAIN_GCC_ARM/stm32f4xx_hal_nor.o
LOAD mbed/TARGET_NUCLEO_F446RE/TOOLCHAIN_GCC_ARM/stm32f4xx_hal_pccard.o
LOAD mbed/TARGET_NUCLEO_F446RE/TOOLCHAIN_GCC_ARM/stm32f4xx_hal_pcd.o
LOAD mbed/TARGET_NUCLEO_F446RE/TOOLCHAIN_GCC_ARM/stm32f4xx_hal_pcd_ex.o
LOAD mbed/TARGET_NUCLEO_F446RE/TOOLCHAIN_GCC_ARM/stm32f4xx_hal_pwr.o
LOAD mbed/TARGET_NUCLEO_F446RE/TOOLCHAIN_GCC_ARM/stm32f4xx_hal_pwr_ex.o
LOAD mbed/TARGET_NUCLEO_F446RE/TOOLCHAIN_GCC_ARM/stm32f4xx_hal_qspi.o
LOAD mbed/TARGET_NUCLEO_F446RE/TOOLCHAIN_GCC_ARM/stm32f4xx_hal_rcc.o
LOAD mbed/TARGET_NUCLEO_F446RE/TOOLCHAIN_GCC_ARM/stm32f4xx_hal_rcc_ex.o
LOAD mbed/TARGET_NUCLEO_F446RE/TOOLCHAIN_GCC_ARM/stm32f4xx_hal_rng.o
LOAD mbed/TARGET_NUCLEO_F446RE/TOOLCHAIN_GCC_ARM/stm32f4xx_hal_rtc.o
LOAD mbed/TARGET_NUCLEO_F446RE/TOOLCHAIN_GCC_ARM/stm32f4xx_hal_rtc_ex.o
LOAD mbed/TARGET_NUCLEO_F446RE/TOOLCHAIN_GCC_ARM/stm32f4xx_hal_sai.o
LOAD mbed/TARGET_NUCLEO_F446RE/TOOLCHAIN_GCC_ARM/stm32f4xx_hal_sai_ex.o
LOAD mbed/TARGET_NUCLEO_F446RE/TOOLCHAIN_GCC_ARM/stm32f4xx_hal_sd.o
LOAD mbed/TARGET_NUCLEO_F446RE/TOOLCHAIN_GCC_ARM/stm32f4xx_hal_sdram.o
LOAD mbed/TARGET_NUCLEO_F446RE/TOOLCHAIN_GCC_ARM/stm32f4xx_hal_spdifrx.o
LOAD mbed/TARGET_NUCLEO_F446RE/TOOLCHAIN_GCC_ARM/stm32f4xx_hal_spi.o
LOAD mbed/TARGET_NUCLEO_F446RE/TOOLCHAIN_GCC_ARM/stm32f4xx_hal_sram.o
LOAD mbed/TARGET_NUCLEO_F446RE/TOOLCHAIN_GCC_ARM/stm32f4xx_hal_tim.o
LOAD mbed/TARGET_NUCLEO_F446RE/TOOLCHAIN_GCC_ARM/stm32f4xx_hal_tim_ex.o
LOAD mbed/TARGET_NUCLEO_F446RE/TOOLCHAIN_GCC_ARM/stm32f4xx_hal_uart.o
LOAD mbed/TARGET_NUCLEO_F446RE/TOOLCHAIN_GCC_ARM/stm32f4xx_hal_usart.o
LOAD mbed/TARGET_NUCLEO_F446RE/TOOLCHAIN_GCC_ARM/stm32f4xx_hal_wwdg.o
LOAD mbed/TARGET_NUCLEO_F446RE/TOOLCHAIN_GCC_ARM/stm32f4xx_ll_fmc.o
LOAD mbed/TARGET_NUCLEO_F446RE/TOOLCHAIN_GCC_ARM/stm32f4xx_ll_fsmc.o
LOAD mbed/TARGET_NUCLEO_F446RE/TOOLCHAIN_GCC_ARM/stm32f4xx_ll_sdmmc.o
LOAD mbed/TARGET_NUCLEO_F446RE/TOOLCHAIN_GCC_ARM/stm32f4xx_ll_usb.o
LOAD mbed/TARGET_NUCLEO_F446RE/TOOLCHAIN_GCC_ARM/system_stm32f4xx.o
START GROUP
LOAD ./mbed/TARGET_NUCLEO_F446RE/TOOLCHAIN_GCC_ARM\libmbed.a
LOAD c:/program files (x86)/gnu tools arm embedded/5.3 2016q1/bin/../lib/gcc/arm-none-eabi/5.3.1/../../../../arm-none-eabi/lib/armv7e-m/softfp\libstdc++_nano.a
LOAD c:/program files (x86)/gnu tools arm embedded/5.3 2016q1/bin/../lib/gcc/arm-none-eabi/5.3.1/../../../../arm-none-eabi/lib/armv7e-m/softfp\libsupc++_nano.a
LOAD c:/program files (x86)/gnu tools arm embedded/5.3 2016q1/bin/../lib/gcc/arm-none-eabi/5.3.1/../../../../arm-none-eabi/lib/armv7e-m/softfp\libm.a
LOAD c:/program files (x86)/gnu tools arm embedded/5.3 2016q1/bin/../lib/gcc/arm-none-eabi/5.3.1/../../../../arm-none-eabi/lib/armv7e-m/softfp\libc_nano.a
LOAD c:/program files (x86)/gnu tools arm embedded/5.3 2016q1/bin/../lib/gcc/arm-none-eabi/5.3.1/armv7e-m/softfp\libgcc.a
LOAD c:/program files (x86)/gnu tools arm embedded/5.3 2016q1/bin/../lib/gcc/arm-none-eabi/5.3.1/../../../../arm-none-eabi/lib/armv7e-m/softfp\libnosys.a
END GROUP
START GROUP
LOAD c:/program files (x86)/gnu tools arm embedded/5.3 2016q1/bin/../lib/gcc/arm-none-eabi/5.3.1/armv7e-m/softfp\libgcc.a
LOAD c:/program files (x86)/gnu tools arm embedded/5.3 2016q1/bin/../lib/gcc/arm-none-eabi/5.3.1/../../../../arm-none-eabi/lib/armv7e-m/softfp\libc_nano.a
END GROUP
START GROUP
LOAD c:/program files (x86)/gnu tools arm embedded/5.3 2016q1/bin/../lib/gcc/arm-none-eabi/5.3.1/armv7e-m/softfp\libgcc.a
LOAD c:/program files (x86)/gnu tools arm embedded/5.3 2016q1/bin/../lib/gcc/arm-none-eabi/5.3.1/../../../../arm-none-eabi/lib/armv7e-m/softfp\libc_nano.a
END GROUP
LOAD c:/program files (x86)/gnu tools arm embedded/5.3 2016q1/bin/../lib/gcc/arm-none-eabi/5.3.1/armv7e-m/softfp/crtend.o
LOAD c:/program files (x86)/gnu tools arm embedded/5.3 2016q1/bin/../lib/gcc/arm-none-eabi/5.3.1/armv7e-m/softfp/crtn.o

.text           0x08000000     0x9580
 *(.isr_vector)
 .isr_vector    0x08000000      0x1c4 mbed/TARGET_NUCLEO_F446RE/TOOLCHAIN_GCC_ARM/startup_stm32f446xx.o
                0x08000000                g_pfnVectors
 *(.text*)
 .text          0x080001c4       0x5c c:/program files (x86)/gnu tools arm embedded/5.3 2016q1/bin/../lib/gcc/arm-none-eabi/5.3.1/armv7e-m/softfp/crtbegin.o
 .text          0x08000220       0x74 c:/program files (x86)/gnu tools arm embedded/5.3 2016q1/bin/../lib/gcc/arm-none-eabi/5.3.1/../../../../arm-none-eabi/lib/armv7e-m/softfp/crt0.o
                0x08000220                _start
                0x08000220                _mainCRTStartup
 .text._ZN4mbed10SerialBaseD2Ev
                0x08000294        0x2 main.o
                0x08000294                mbed::SerialBase::~SerialBase()
                0x08000294                mbed::SerialBase::~SerialBase()
 .text._ZN4mbed10SerialBaseD0Ev
                0x08000296        0xc main.o
                0x08000296                mbed::SerialBase::~SerialBase()
 *fill*         0x080002a2        0x2 
 .text._ZN4mbed6SerialD2Ev
                0x080002a4       0x2c main.o
                0x080002a4                mbed::Serial::~Serial()
                0x080002a4                mbed::Serial::~Serial()
                0x080002c4                non-virtual thunk to mbed::Serial::~Serial()
                0x080002ca                non-virtual thunk to mbed::Serial::~Serial()
 .text.startup.main
                0x080002d0       0x3c main.o
                0x080002d0                main
 .text._ZN4mbed6SerialD0Ev
                0x0800030c       0x1e main.o
                0x0800030c                mbed::Serial::~Serial()
                0x0800031e                non-virtual thunk to mbed::Serial::~Serial()
                0x08000324                non-virtual thunk to mbed::Serial::~Serial()
 *fill*         0x0800032a        0x2 
 .text._ZN4mbed16SerialHalfDuplexD2Ev
                0x0800032c       0x2c main.o
                0x0800032c                mbed::SerialHalfDuplex::~SerialHalfDuplex()
                0x0800032c                mbed::SerialHalfDuplex::~SerialHalfDuplex()
                0x0800034c                non-virtual thunk to mbed::SerialHalfDuplex::~SerialHalfDuplex()
                0x08000352                non-virtual thunk to mbed::SerialHalfDuplex::~SerialHalfDuplex()
 .text._ZN15communication_1D2Ev
                0x08000358        0xc main.o
                0x08000358                communication_1::~communication_1()
                0x08000358                communication_1::~communication_1()
 .text._ZN4mbed16SerialHalfDuplexD0Ev
                0x08000364       0x1e main.o
                0x08000364                mbed::SerialHalfDuplex::~SerialHalfDuplex()
                0x08000376                non-virtual thunk to mbed::SerialHalfDuplex::~SerialHalfDuplex()
                0x0800037c                non-virtual thunk to mbed::SerialHalfDuplex::~SerialHalfDuplex()
 *fill*         0x08000382        0x2 
 .text.startup._GLOBAL__sub_I_pc
                0x08000384       0x74 main.o
 .text._ZN4mbed16SerialHalfDuplex5_putcEi
                0x080003f8       0x32 SerialHalfDuplex/SerialHalfDuplex.o
                0x080003f8                mbed::SerialHalfDuplex::_putc(int)
 .text._ZThn84_N4mbed16SerialHalfDuplex5_putcEi
                0x0800042a        0x8 SerialHalfDuplex/SerialHalfDuplex.o
                0x0800042a                non-virtual thunk to mbed::SerialHalfDuplex::_putc(int)
 .text._ZN4mbed16SerialHalfDuplex5_getcEv
                0x08000432        0x4 SerialHalfDuplex/SerialHalfDuplex.o
                0x08000432                mbed::SerialHalfDuplex::_getc()
 .text._ZThn84_N4mbed16SerialHalfDuplex5_getcEv
                0x08000436        0x8 SerialHalfDuplex/SerialHalfDuplex.o
                0x08000436                non-virtual thunk to mbed::SerialHalfDuplex::_getc()
 *fill*         0x0800043e        0x2 
 .text._ZN4mbed16SerialHalfDuplexC2E7PinNameS1_PKc
                0x08000440       0x54 SerialHalfDuplex/SerialHalfDuplex.o
                0x08000440                mbed::SerialHalfDuplex::SerialHalfDuplex(PinName, PinName, char const*)
                0x08000440                mbed::SerialHalfDuplex::SerialHalfDuplex(PinName, PinName, char const*)
 .text._ZN5MX106C2EiR15communication_1f
                0x08000494        0xa MX106/MX106.o
                0x08000494                MX106::MX106(int, communication_1&, float)
                0x08000494                MX106::MX106(int, communication_1&, float)
 *fill*         0x0800049e        0x2 
 .text._ZN5MX10610SetCWLimitEf
                0x080004a0       0x54 MX106/MX106.o
                0x080004a0                MX106::SetCWLimit(float)
 .text._ZN5MX10611SetCCWLimitEf
                0x080004f4       0x54 MX106/MX106.o
                0x080004f4                MX106::SetCCWLimit(float)
 .text._ZN5MX1068SetSpeedEf
                0x08000548       0x58 MX106/MX106.o
                0x08000548                MX106::SetSpeed(float)
 .text._ZN5MX1067SetModeEi
                0x080005a0       0x54 MX106/MX106.o
                0x080005a0                MX106::SetMode(int)
 .text._ZN15communication_1C2E7PinNameS0_i
                0x080005f4       0x18 communication_1/communication_1.o
                0x080005f4                communication_1::communication_1(PinName, PinName, int)
                0x080005f4                communication_1::communication_1(PinName, PinName, int)
 .text._ZN15communication_15writeEiiiPci
                0x0800060c       0xb0 communication_1/communication_1.o
                0x0800060c                communication_1::write(int, int, int, char*, int)
 .text.mbed_die
                0x080006bc       0x5c mbed/TARGET_NUCLEO_F446RE/TOOLCHAIN_GCC_ARM/board.o
                0x080006bc                mbed_die
 .text.NVIC_SetVector
                0x08000718       0x48 mbed/TARGET_NUCLEO_F446RE/TOOLCHAIN_GCC_ARM/cmsis_nvic.o
                0x08000718                NVIC_SetVector
 .text.timer_irq_handler
                0x08000760       0x48 mbed/TARGET_NUCLEO_F446RE/TOOLCHAIN_GCC_ARM/hal_tick.o
                0x08000760                timer_irq_handler
 .text.HAL_InitTick
                0x080007a8       0xc8 mbed/TARGET_NUCLEO_F446RE/TOOLCHAIN_GCC_ARM/hal_tick.o
                0x080007a8                HAL_InitTick
 .text.mbed_sdk_init
                0x08000870       0x10 mbed/TARGET_NUCLEO_F446RE/TOOLCHAIN_GCC_ARM/mbed_overrides.o
                0x08000870                mbed_sdk_init
 .text._ZN4mbed10FileHandle4flenEv
                0x08000880       0x34 mbed/TARGET_NUCLEO_F446RE/TOOLCHAIN_GCC_ARM/retarget.o
                0x08000880                mbed::FileHandle::flen()
 .text._ZL11init_serialv.part.0
                0x080008b4       0x10 mbed/TARGET_NUCLEO_F446RE/TOOLCHAIN_GCC_ARM/retarget.o
 .text._ZN4mbed10FileHandleD2Ev
                0x080008c4       0x2c mbed/TARGET_NUCLEO_F446RE/TOOLCHAIN_GCC_ARM/retarget.o
                0x080008c4                mbed::FileHandle::~FileHandle()
                0x080008c4                mbed::FileHandle::~FileHandle()
 .text._open    0x080008f0       0xfc mbed/TARGET_NUCLEO_F446RE/TOOLCHAIN_GCC_ARM/retarget.o
                0x080008f0                _open
 .text._close   0x080009ec       0x28 mbed/TARGET_NUCLEO_F446RE/TOOLCHAIN_GCC_ARM/retarget.o
                0x080009ec                _close
 .text._write   0x08000a14       0x4c mbed/TARGET_NUCLEO_F446RE/TOOLCHAIN_GCC_ARM/retarget.o
                0x08000a14                _write
 .text._read    0x08000a60       0x44 mbed/TARGET_NUCLEO_F446RE/TOOLCHAIN_GCC_ARM/retarget.o
                0x08000a60                _read
 .text._isatty  0x08000aa4       0x24 mbed/TARGET_NUCLEO_F446RE/TOOLCHAIN_GCC_ARM/retarget.o
                0x08000aa4                _isatty
 .text._lseek   0x08000ac8       0x24 mbed/TARGET_NUCLEO_F446RE/TOOLCHAIN_GCC_ARM/retarget.o
                0x08000ac8                _lseek
 .text._fstat   0x08000aec       0x20 mbed/TARGET_NUCLEO_F446RE/TOOLCHAIN_GCC_ARM/retarget.o
                0x08000aec                _fstat
 .text.__cxa_pure_virtual
                0x08000b0c        0x8 mbed/TARGET_NUCLEO_F446RE/TOOLCHAIN_GCC_ARM/retarget.o
                0x08000b0c                __cxa_pure_virtual
 .text.mbed_main
                0x08000b14        0x4 mbed/TARGET_NUCLEO_F446RE/TOOLCHAIN_GCC_ARM/retarget.o
                0x08000b14                mbed_main
 .text.__wrap_main
                0x08000b18       0x14 mbed/TARGET_NUCLEO_F446RE/TOOLCHAIN_GCC_ARM/retarget.o
                0x08000b18                __wrap_main
 .text._sbrk    0x08000b2c       0x28 mbed/TARGET_NUCLEO_F446RE/TOOLCHAIN_GCC_ARM/retarget.o
                0x08000b2c                _sbrk
 .text._exit    0x08000b54       0x24 mbed/TARGET_NUCLEO_F446RE/TOOLCHAIN_GCC_ARM/retarget.o
                0x08000b54                _exit
 .text._ZN4mbed26mbed_set_unbuffered_streamEP7__sFILE
                0x08000b78        0x8 mbed/TARGET_NUCLEO_F446RE/TOOLCHAIN_GCC_ARM/retarget.o
                0x08000b78                mbed::mbed_set_unbuffered_stream(__sFILE*)
 .text._ZN4mbed9mbed_getcEP7__sFILE
                0x08000b80        0x4 mbed/TARGET_NUCLEO_F446RE/TOOLCHAIN_GCC_ARM/retarget.o
                0x08000b80                mbed::mbed_getc(__sFILE*)
 .text.Reset_Handler
                0x08000b84       0x4c mbed/TARGET_NUCLEO_F446RE/TOOLCHAIN_GCC_ARM/startup_stm32f446xx.o
                0x08000b84                Reset_Handler
 .text.Default_Handler
                0x08000bd0        0x2 mbed/TARGET_NUCLEO_F446RE/TOOLCHAIN_GCC_ARM/startup_stm32f446xx.o
                0x08000bd0                RTC_Alarm_IRQHandler
                0x08000bd0                EXTI2_IRQHandler
                0x08000bd0                TIM8_CC_IRQHandler
                0x08000bd0                DebugMon_Handler
                0x08000bd0                SPI4_IRQHandler
                0x08000bd0                TIM1_CC_IRQHandler
                0x08000bd0                QuadSPI_IRQHandler
                0x08000bd0                DMA2_Stream5_IRQHandler
                0x08000bd0                HardFault_Handler
                0x08000bd0                DMA1_Stream5_IRQHandler
                0x08000bd0                SysTick_Handler
                0x08000bd0                PVD_IRQHandler
                0x08000bd0                SDIO_IRQHandler
                0x08000bd0                TAMP_STAMP_IRQHandler
                0x08000bd0                PendSV_Handler
                0x08000bd0                NMI_Handler
                0x08000bd0                CAN2_RX1_IRQHandler
                0x08000bd0                EXTI3_IRQHandler
                0x08000bd0                TIM8_TRG_COM_TIM14_IRQHandler
                0x08000bd0                TIM1_UP_TIM10_IRQHandler
                0x08000bd0                TIM8_UP_TIM13_IRQHandler
                0x08000bd0                I2C3_ER_IRQHandler
                0x08000bd0                FMPI2C1_Event_IRQHandler
                0x08000bd0                EXTI0_IRQHandler
                0x08000bd0                I2C2_EV_IRQHandler
                0x08000bd0                DMA1_Stream2_IRQHandler
                0x08000bd0                CAN1_RX0_IRQHandler
                0x08000bd0                FPU_IRQHandler
                0x08000bd0                OTG_HS_WKUP_IRQHandler
                0x08000bd0                UsageFault_Handler
                0x08000bd0                CAN2_SCE_IRQHandler
                0x08000bd0                DMA2_Stream2_IRQHandler
                0x08000bd0                SPI1_IRQHandler
                0x08000bd0                TIM6_DAC_IRQHandler
                0x08000bd0                TIM1_BRK_TIM9_IRQHandler
                0x08000bd0                DCMI_IRQHandler
                0x08000bd0                CAN2_RX0_IRQHandler
                0x08000bd0                DMA2_Stream3_IRQHandler
                0x08000bd0                SAI2_IRQHandler
                0x08000bd0                USART6_IRQHandler
                0x08000bd0                USART3_IRQHandler
                0x08000bd0                CAN1_RX1_IRQHandler
                0x08000bd0                UART5_IRQHandler
                0x08000bd0                DMA2_Stream0_IRQHandler
                0x08000bd0                TIM4_IRQHandler
                0x08000bd0                I2C1_EV_IRQHandler
                0x08000bd0                DMA1_Stream6_IRQHandler
                0x08000bd0                DMA1_Stream1_IRQHandler
                0x08000bd0                UART4_IRQHandler
                0x08000bd0                TIM3_IRQHandler
                0x08000bd0                RCC_IRQHandler
                0x08000bd0                TIM8_BRK_TIM12_IRQHandler
                0x08000bd0                Default_Handler
                0x08000bd0                CEC_IRQHandler
                0x08000bd0                EXTI15_10_IRQHandler
                0x08000bd0                ADC_IRQHandler
                0x08000bd0                DMA1_Stream7_IRQHandler
                0x08000bd0                TIM7_IRQHandler
                0x08000bd0                CAN2_TX_IRQHandler
                0x08000bd0                TIM5_IRQHandler
                0x08000bd0                DMA2_Stream7_IRQHandler
                0x08000bd0                I2C3_EV_IRQHandler
                0x08000bd0                EXTI9_5_IRQHandler
                0x08000bd0                RTC_WKUP_IRQHandler
                0x08000bd0                SPDIF_RX_IRQHandler
                0x08000bd0                SPI2_IRQHandler
                0x08000bd0                OTG_HS_EP1_IN_IRQHandler
                0x08000bd0                MemManage_Handler
                0x08000bd0                DMA1_Stream0_IRQHandler
                0x08000bd0                CAN1_TX_IRQHandler
                0x08000bd0                SVC_Handler
                0x08000bd0                EXTI4_IRQHandler
                0x08000bd0                OTG_HS_EP1_OUT_IRQHandler
                0x08000bd0                WWDG_IRQHandler
                0x08000bd0                TIM2_IRQHandler
                0x08000bd0                OTG_FS_WKUP_IRQHandler
                0x08000bd0                TIM1_TRG_COM_TIM11_IRQHandler
                0x08000bd0                OTG_HS_IRQHandler
                0x08000bd0                EXTI1_IRQHandler
                0x08000bd0                USART2_IRQHandler
                0x08000bd0                I2C2_ER_IRQHandler
                0x08000bd0                DMA2_Stream1_IRQHandler
                0x08000bd0                CAN1_SCE_IRQHandler
                0x08000bd0                FLASH_IRQHandler
                0x08000bd0                DMA2_Stream4_IRQHandler
                0x08000bd0                BusFault_Handler
                0x08000bd0                USART1_IRQHandler
                0x08000bd0                OTG_FS_IRQHandler
                0x08000bd0                SPI3_IRQHandler
                0x08000bd0                DMA1_Stream4_IRQHandler
                0x08000bd0                I2C1_ER_IRQHandler
                0x08000bd0                FMC_IRQHandler
                0x08000bd0                DMA2_Stream6_IRQHandler
                0x08000bd0                SAI1_IRQHandler
                0x08000bd0                DMA1_Stream3_IRQHandler
                0x08000bd0                FMPI2C1_Error_IRQHandler
 *fill*         0x08000bd2        0x2 
 .text.HAL_Init
                0x08000bd4       0x34 mbed/TARGET_NUCLEO_F446RE/TOOLCHAIN_GCC_ARM/stm32f4xx_hal.o
                0x08000bd4                HAL_Init
 .text.HAL_IncTick
                0x08000c08       0x10 mbed/TARGET_NUCLEO_F446RE/TOOLCHAIN_GCC_ARM/stm32f4xx_hal.o
                0x08000c08                HAL_IncTick
 .text.HAL_GetTick
                0x08000c18        0xc mbed/TARGET_NUCLEO_F446RE/TOOLCHAIN_GCC_ARM/stm32f4xx_hal.o
                0x08000c18                HAL_GetTick
 .text.HAL_NVIC_SetPriorityGrouping
                0x08000c24       0x24 mbed/TARGET_NUCLEO_F446RE/TOOLCHAIN_GCC_ARM/stm32f4xx_hal_cortex.o
                0x08000c24                HAL_NVIC_SetPriorityGrouping
 .text.HAL_MspInit
                0x08000c48        0x4 mbed/TARGET_NUCLEO_F446RE/TOOLCHAIN_GCC_ARM/stm32f4xx_hal_msp_template.o
                0x08000c48                HAL_MspInit
 .text.HAL_GPIO_Init
                0x08000c4c      0x22c mbed/TARGET_NUCLEO_F446RE/TOOLCHAIN_GCC_ARM/stm32f4xx_hal_gpio.o
                0x08000c4c                HAL_GPIO_Init
 .text.HAL_PWREx_EnableOverDrive
                0x08000e78       0x98 mbed/TARGET_NUCLEO_F446RE/TOOLCHAIN_GCC_ARM/stm32f4xx_hal_pwr_ex.o
                0x08000e78                HAL_PWREx_EnableOverDrive
 .text.HAL_RCC_ClockConfig
                0x08000f10      0x1fc mbed/TARGET_NUCLEO_F446RE/TOOLCHAIN_GCC_ARM/stm32f4xx_hal_rcc.o
                0x08000f10                HAL_RCC_ClockConfig
 .text.HAL_RCC_MCOConfig
                0x0800110c       0xa0 mbed/TARGET_NUCLEO_F446RE/TOOLCHAIN_GCC_ARM/stm32f4xx_hal_rcc.o
                0x0800110c                HAL_RCC_MCOConfig
 .text.HAL_RCC_GetHCLKFreq
                0x080011ac       0x34 mbed/TARGET_NUCLEO_F446RE/TOOLCHAIN_GCC_ARM/stm32f4xx_hal_rcc.o
                0x080011ac                HAL_RCC_GetHCLKFreq
 .text.HAL_RCC_GetPCLK1Freq
                0x080011e0       0x2c mbed/TARGET_NUCLEO_F446RE/TOOLCHAIN_GCC_ARM/stm32f4xx_hal_rcc.o
                0x080011e0                HAL_RCC_GetPCLK1Freq
 .text.HAL_RCC_GetPCLK2Freq
                0x0800120c       0x2c mbed/TARGET_NUCLEO_F446RE/TOOLCHAIN_GCC_ARM/stm32f4xx_hal_rcc.o
                0x0800120c                HAL_RCC_GetPCLK2Freq
 .text.HAL_RCC_GetClockConfig
                0x08001238       0x44 mbed/TARGET_NUCLEO_F446RE/TOOLCHAIN_GCC_ARM/stm32f4xx_hal_rcc.o
                0x08001238                HAL_RCC_GetClockConfig
 .text.HAL_RCCEx_PeriphCLKConfig
                0x0800127c      0x5e8 mbed/TARGET_NUCLEO_F446RE/TOOLCHAIN_GCC_ARM/stm32f4xx_hal_rcc_ex.o
                0x0800127c                HAL_RCCEx_PeriphCLKConfig
 .text.HAL_RCC_OscConfig
                0x08001864      0x3a8 mbed/TARGET_NUCLEO_F446RE/TOOLCHAIN_GCC_ARM/stm32f4xx_hal_rcc_ex.o
                0x08001864                HAL_RCC_OscConfig
 .text.HAL_RCC_GetSysClockFreq
                0x08001c0c       0xe0 mbed/TARGET_NUCLEO_F446RE/TOOLCHAIN_GCC_ARM/stm32f4xx_hal_rcc_ex.o
                0x08001c0c                HAL_RCC_GetSysClockFreq
 .text.HAL_TIM_OC_MspInit
                0x08001cec        0x4 mbed/TARGET_NUCLEO_F446RE/TOOLCHAIN_GCC_ARM/stm32f4xx_hal_tim.o
                0x08001cec                HAL_TIM_OC_MspInit
 .text.HAL_TIM_OC_Start
                0x08001cf0       0x44 mbed/TARGET_NUCLEO_F446RE/TOOLCHAIN_GCC_ARM/stm32f4xx_hal_tim.o
                0x08001cf0                HAL_TIM_OC_Start
 .text.TIM_Base_SetConfig
                0x08001d34       0xe4 mbed/TARGET_NUCLEO_F446RE/TOOLCHAIN_GCC_ARM/stm32f4xx_hal_tim.o
                0x08001d34                TIM_Base_SetConfig
 .text.HAL_TIM_OC_Init
                0x08001e18       0x38 mbed/TARGET_NUCLEO_F446RE/TOOLCHAIN_GCC_ARM/stm32f4xx_hal_tim.o
                0x08001e18                HAL_TIM_OC_Init
 .text.UART_SetConfig
                0x08001e50      0x194 mbed/TARGET_NUCLEO_F446RE/TOOLCHAIN_GCC_ARM/stm32f4xx_hal_uart.o
 .text.HAL_UART_MspInit
                0x08001fe4        0x4 mbed/TARGET_NUCLEO_F446RE/TOOLCHAIN_GCC_ARM/stm32f4xx_hal_uart.o
                0x08001fe4                HAL_UART_MspInit
 .text.HAL_UART_Init
                0x08001fe8       0x5c mbed/TARGET_NUCLEO_F446RE/TOOLCHAIN_GCC_ARM/stm32f4xx_hal_uart.o
                0x08001fe8                HAL_UART_Init
 .text.SystemCoreClockUpdate
                0x08002044       0x78 mbed/TARGET_NUCLEO_F446RE/TOOLCHAIN_GCC_ARM/system_stm32f4xx.o
                0x08002044                SystemCoreClockUpdate
 .text.SetSysClock_PLL_HSE
                0x080020bc       0xd4 mbed/TARGET_NUCLEO_F446RE/TOOLCHAIN_GCC_ARM/system_stm32f4xx.o
                0x080020bc                SetSysClock_PLL_HSE
 .text.SetSysClock_PLL_HSI
                0x08002190       0x9c mbed/TARGET_NUCLEO_F446RE/TOOLCHAIN_GCC_ARM/system_stm32f4xx.o
                0x08002190                SetSysClock_PLL_HSI
 .text.SetSysClock
                0x0800222c       0x24 mbed/TARGET_NUCLEO_F446RE/TOOLCHAIN_GCC_ARM/system_stm32f4xx.o
                0x0800222c                SetSysClock
 .text.SystemInit
                0x08002250       0x74 mbed/TARGET_NUCLEO_F446RE/TOOLCHAIN_GCC_ARM/system_stm32f4xx.o
                0x08002250                SystemInit
 .text.Set_GPIO_Clock
                0x080022c4      0x12c ./mbed/TARGET_NUCLEO_F446RE/TOOLCHAIN_GCC_ARM\libmbed.a(pinmap.o)
                0x080022c4                Set_GPIO_Clock
 .text.pin_function
                0x080023f0       0x5c ./mbed/TARGET_NUCLEO_F446RE/TOOLCHAIN_GCC_ARM\libmbed.a(pinmap.o)
                0x080023f0                pin_function
 .text.pin_mode
                0x0800244c       0x48 ./mbed/TARGET_NUCLEO_F446RE/TOOLCHAIN_GCC_ARM\libmbed.a(pinmap.o)
                0x0800244c                pin_mode
 .text.serial_init
                0x08002494      0x1ec ./mbed/TARGET_NUCLEO_F446RE/TOOLCHAIN_GCC_ARM\libmbed.a(serial_api.o)
                0x08002494                serial_init
 .text.serial_baud
                0x08002680       0x2c ./mbed/TARGET_NUCLEO_F446RE/TOOLCHAIN_GCC_ARM\libmbed.a(serial_api.o)
                0x08002680                serial_baud
 .text.serial_irq_handler
                0x080026ac       0x1c ./mbed/TARGET_NUCLEO_F446RE/TOOLCHAIN_GCC_ARM\libmbed.a(serial_api.o)
                0x080026ac                serial_irq_handler
 .text.serial_getc
                0x080026c8       0x1c ./mbed/TARGET_NUCLEO_F446RE/TOOLCHAIN_GCC_ARM\libmbed.a(serial_api.o)
                0x080026c8                serial_getc
 .text.serial_putc
                0x080026e4       0x1c ./mbed/TARGET_NUCLEO_F446RE/TOOLCHAIN_GCC_ARM\libmbed.a(serial_api.o)
                0x080026e4                serial_putc
 .text.serial_pinout_tx
                0x08002700        0xc ./mbed/TARGET_NUCLEO_F446RE/TOOLCHAIN_GCC_ARM\libmbed.a(serial_api.o)
                0x08002700                serial_pinout_tx
 .text.us_ticker_init
                0x0800270c       0x24 ./mbed/TARGET_NUCLEO_F446RE/TOOLCHAIN_GCC_ARM\libmbed.a(us_ticker.o)
                0x0800270c                us_ticker_init
 .text.us_ticker_read
                0x08002730       0x28 ./mbed/TARGET_NUCLEO_F446RE/TOOLCHAIN_GCC_ARM\libmbed.a(us_ticker.o)
                0x08002730                us_ticker_read
 .text.us_ticker_set_interrupt
                0x08002758       0x14 ./mbed/TARGET_NUCLEO_F446RE/TOOLCHAIN_GCC_ARM\libmbed.a(us_ticker.o)
                0x08002758                us_ticker_set_interrupt
 .text.us_ticker_disable_interrupt
                0x0800276c       0x14 ./mbed/TARGET_NUCLEO_F446RE/TOOLCHAIN_GCC_ARM\libmbed.a(us_ticker.o)
                0x0800276c                us_ticker_disable_interrupt
 .text.us_ticker_clear_interrupt
                0x08002780       0x10 ./mbed/TARGET_NUCLEO_F446RE/TOOLCHAIN_GCC_ARM\libmbed.a(us_ticker.o)
                0x08002780                us_ticker_clear_interrupt
 .text._ZN4mbed8FilePathC2EPKc
                0x08002790       0x54 ./mbed/TARGET_NUCLEO_F446RE/TOOLCHAIN_GCC_ARM\libmbed.a(FilePath.o)
                0x08002790                mbed::FilePath::FilePath(char const*)
                0x08002790                mbed::FilePath::FilePath(char const*)
 .text._ZN4mbed8FilePath8fileNameEv
                0x080027e4        0x4 ./mbed/TARGET_NUCLEO_F446RE/TOOLCHAIN_GCC_ARM\libmbed.a(FilePath.o)
                0x080027e4                mbed::FilePath::fileName()
 .text._ZN4mbed8FilePath10fileSystemEv
                0x080027e8       0x20 ./mbed/TARGET_NUCLEO_F446RE/TOOLCHAIN_GCC_ARM\libmbed.a(FilePath.o)
                0x080027e8                mbed::FilePath::fileSystem()
 .text._ZN4mbed8FilePath6isFileEv
                0x08002808       0x14 ./mbed/TARGET_NUCLEO_F446RE/TOOLCHAIN_GCC_ARM\libmbed.a(FilePath.o)
                0x08002808                mbed::FilePath::isFile()
 .text._ZN4mbed8FilePath4fileEv
                0x0800281c       0x20 ./mbed/TARGET_NUCLEO_F446RE/TOOLCHAIN_GCC_ARM\libmbed.a(FilePath.o)
                0x0800281c                mbed::FilePath::file()
 .text._ZN4mbed8FilePath6existsEv
                0x0800283c        0xc ./mbed/TARGET_NUCLEO_F446RE/TOOLCHAIN_GCC_ARM\libmbed.a(FilePath.o)
                0x0800283c                mbed::FilePath::exists()
 .text._ZN4mbed6Serial5_getcEv
                0x08002848        0x4 ./mbed/TARGET_NUCLEO_F446RE/TOOLCHAIN_GCC_ARM\libmbed.a(Serial.o)
                0x08002848                mbed::Serial::_getc()
 .text._ZThn84_N4mbed6Serial5_getcEv
                0x0800284c        0x8 ./mbed/TARGET_NUCLEO_F446RE/TOOLCHAIN_GCC_ARM\libmbed.a(Serial.o)
                0x0800284c                non-virtual thunk to mbed::Serial::_getc()
 .text._ZN4mbed6Serial5_putcEi
                0x08002854        0x4 ./mbed/TARGET_NUCLEO_F446RE/TOOLCHAIN_GCC_ARM\libmbed.a(Serial.o)
                0x08002854                mbed::Serial::_putc(int)
 .text._ZThn84_N4mbed6Serial5_putcEi
                0x08002858        0x8 ./mbed/TARGET_NUCLEO_F446RE/TOOLCHAIN_GCC_ARM\libmbed.a(Serial.o)
                0x08002858                non-virtual thunk to mbed::Serial::_putc(int)
 .text._ZN4mbed6SerialC2E7PinNameS1_PKc
                0x08002860       0x30 ./mbed/TARGET_NUCLEO_F446RE/TOOLCHAIN_GCC_ARM\libmbed.a(Serial.o)
                0x08002860                mbed::Serial::Serial(PinName, PinName, char const*)
                0x08002860                mbed::Serial::Serial(PinName, PinName, char const*)
 .text._ZN4mbed10SerialBase12_irq_handlerEm9SerialIrq
                0x08002890       0x20 ./mbed/TARGET_NUCLEO_F446RE/TOOLCHAIN_GCC_ARM\libmbed.a(SerialBase.o)
                0x08002890                mbed::SerialBase::_irq_handler(unsigned long, SerialIrq)
 .text._ZN4mbed10SerialBaseC2E7PinNameS1_
                0x080028b0       0x48 ./mbed/TARGET_NUCLEO_F446RE/TOOLCHAIN_GCC_ARM\libmbed.a(SerialBase.o)
                0x080028b0                mbed::SerialBase::SerialBase(PinName, PinName)
                0x080028b0                mbed::SerialBase::SerialBase(PinName, PinName)
 .text._ZN4mbed10SerialBase4baudEi
                0x080028f8       0x10 ./mbed/TARGET_NUCLEO_F446RE/TOOLCHAIN_GCC_ARM\libmbed.a(SerialBase.o)
                0x080028f8                mbed::SerialBase::baud(int)
 .text._ZN4mbed10SerialBase10_base_getcEv
                0x08002908        0x8 ./mbed/TARGET_NUCLEO_F446RE/TOOLCHAIN_GCC_ARM\libmbed.a(SerialBase.o)
                0x08002908                mbed::SerialBase::_base_getc()
 .text._ZN4mbed10SerialBase10_base_putcEi
                0x08002910       0x10 ./mbed/TARGET_NUCLEO_F446RE/TOOLCHAIN_GCC_ARM\libmbed.a(SerialBase.o)
                0x08002910                mbed::SerialBase::_base_putc(int)
 .text._ZN4mbed6Stream5closeEv
                0x08002920        0x4 ./mbed/TARGET_NUCLEO_F446RE/TOOLCHAIN_GCC_ARM\libmbed.a(Stream.o)
                0x08002920                mbed::Stream::close()
 .text._ZN4mbed6Stream5writeEPKvj
                0x08002924       0x2c ./mbed/TARGET_NUCLEO_F446RE/TOOLCHAIN_GCC_ARM\libmbed.a(Stream.o)
                0x08002924                mbed::Stream::write(void const*, unsigned int)
 .text._ZN4mbed6Stream4readEPvj
                0x08002950       0x2c ./mbed/TARGET_NUCLEO_F446RE/TOOLCHAIN_GCC_ARM\libmbed.a(Stream.o)
                0x08002950                mbed::Stream::read(void*, unsigned int)
 .text._ZN4mbed6Stream5lseekEli
                0x0800297c        0x4 ./mbed/TARGET_NUCLEO_F446RE/TOOLCHAIN_GCC_ARM\libmbed.a(Stream.o)
                0x0800297c                mbed::Stream::lseek(long, int)
 .text._ZN4mbed6Stream6isattyEv
                0x08002980        0x4 ./mbed/TARGET_NUCLEO_F446RE/TOOLCHAIN_GCC_ARM\libmbed.a(Stream.o)
                0x08002980                mbed::Stream::isatty()
 .text._ZN4mbed6Stream5fsyncEv
                0x08002984        0x4 ./mbed/TARGET_NUCLEO_F446RE/TOOLCHAIN_GCC_ARM\libmbed.a(Stream.o)
                0x08002984                mbed::Stream::fsync()
 .text._ZN4mbed6Stream4flenEv
                0x08002988        0x4 ./mbed/TARGET_NUCLEO_F446RE/TOOLCHAIN_GCC_ARM\libmbed.a(Stream.o)
                0x08002988                mbed::Stream::flen()
 .text._ZN4mbed6StreamC2EPKc
                0x0800298c       0x44 ./mbed/TARGET_NUCLEO_F446RE/TOOLCHAIN_GCC_ARM\libmbed.a(Stream.o)
                0x0800298c                mbed::Stream::Stream(char const*)
                0x0800298c                mbed::Stream::Stream(char const*)
 .text._ZN4mbed6StreamD2Ev
                0x080029d0       0x24 ./mbed/TARGET_NUCLEO_F446RE/TOOLCHAIN_GCC_ARM\libmbed.a(Stream.o)
                0x080029d0                mbed::Stream::~Stream()
                0x080029d0                mbed::Stream::~Stream()
 .text._ZN4mbed6Stream4putcEi
                0x080029f4       0x18 ./mbed/TARGET_NUCLEO_F446RE/TOOLCHAIN_GCC_ARM\libmbed.a(Stream.o)
                0x080029f4                mbed::Stream::putc(int)
 .text._ZN4mbed6Stream4getcEv
                0x08002a0c       0x14 ./mbed/TARGET_NUCLEO_F446RE/TOOLCHAIN_GCC_ARM\libmbed.a(Stream.o)
                0x08002a0c                mbed::Stream::getc()
 .text._ZN4mbed6Stream6printfEPKcz
                0x08002a20       0x2c ./mbed/TARGET_NUCLEO_F446RE/TOOLCHAIN_GCC_ARM\libmbed.a(Stream.o)
                0x08002a20                mbed::Stream::printf(char const*, ...)
 .text.mbed_assert_internal
                0x08002a4c       0x18 ./mbed/TARGET_NUCLEO_F446RE/TOOLCHAIN_GCC_ARM\libmbed.a(assert.o)
                0x08002a4c                mbed_assert_internal
 .text.error    0x08002a64       0x24 ./mbed/TARGET_NUCLEO_F446RE/TOOLCHAIN_GCC_ARM\libmbed.a(error.o)
                0x08002a64                error
 .text.gpio_init_in
                0x08002a88       0x24 ./mbed/TARGET_NUCLEO_F446RE/TOOLCHAIN_GCC_ARM\libmbed.a(gpio.o)
                0x08002a88                gpio_init_in
 .text.gpio_init_out
                0x08002aac       0x48 ./mbed/TARGET_NUCLEO_F446RE/TOOLCHAIN_GCC_ARM\libmbed.a(gpio.o)
                0x08002aac                gpio_init_out
 .text.pinmap_pinout
                0x08002af4       0x44 ./mbed/TARGET_NUCLEO_F446RE/TOOLCHAIN_GCC_ARM\libmbed.a(pinmap_common.o)
                0x08002af4                pinmap_pinout
 .text.pinmap_merge
                0x08002b38       0x24 ./mbed/TARGET_NUCLEO_F446RE/TOOLCHAIN_GCC_ARM\libmbed.a(pinmap_common.o)
                0x08002b38                pinmap_merge
 .text.pinmap_peripheral
                0x08002b5c       0x38 ./mbed/TARGET_NUCLEO_F446RE/TOOLCHAIN_GCC_ARM\libmbed.a(pinmap_common.o)
                0x08002b5c                pinmap_peripheral
 .text.wait_us  0x08002b94       0x18 ./mbed/TARGET_NUCLEO_F446RE/TOOLCHAIN_GCC_ARM\libmbed.a(wait_api.o)
                0x08002b94                wait_us
 .text.wait     0x08002bac       0x1c ./mbed/TARGET_NUCLEO_F446RE/TOOLCHAIN_GCC_ARM\libmbed.a(wait_api.o)
                0x08002bac                wait
 .text.wait_ms  0x08002bc8        0xc ./mbed/TARGET_NUCLEO_F446RE/TOOLCHAIN_GCC_ARM\libmbed.a(wait_api.o)
                0x08002bc8                wait_ms
 .text.us_ticker_irq_handler
                0x08002bd4        0xc ./mbed/TARGET_NUCLEO_F446RE/TOOLCHAIN_GCC_ARM\libmbed.a(us_ticker_api.o)
                0x08002bd4                us_ticker_irq_handler
 .text.gpio_set
                0x08002be0       0x30 ./mbed/TARGET_NUCLEO_F446RE/TOOLCHAIN_GCC_ARM\libmbed.a(gpio_api.o)
                0x08002be0                gpio_set
 .text.gpio_init
                0x08002c10       0x2c ./mbed/TARGET_NUCLEO_F446RE/TOOLCHAIN_GCC_ARM\libmbed.a(gpio_api.o)
                0x08002c10                gpio_init
 .text.gpio_mode
                0x08002c3c        0x8 ./mbed/TARGET_NUCLEO_F446RE/TOOLCHAIN_GCC_ARM\libmbed.a(gpio_api.o)
                0x08002c3c                gpio_mode
 .text.gpio_dir
                0x08002c44       0x40 ./mbed/TARGET_NUCLEO_F446RE/TOOLCHAIN_GCC_ARM\libmbed.a(gpio_api.o)
                0x08002c44                gpio_dir
 .text._ZN4mbed8FileBaseD2Ev
                0x08002c84       0x30 ./mbed/TARGET_NUCLEO_F446RE/TOOLCHAIN_GCC_ARM\libmbed.a(FileBase.o)
                0x08002c84                mbed::FileBase::~FileBase()
                0x08002c84                mbed::FileBase::~FileBase()
 .text._ZN4mbed8FileBaseD0Ev
                0x08002cb4       0x3c ./mbed/TARGET_NUCLEO_F446RE/TOOLCHAIN_GCC_ARM\libmbed.a(FileBase.o)
                0x08002cb4                mbed::FileBase::~FileBase()
 .text._ZN4mbed8FileBaseC2EPKcNS_8PathTypeE
                0x08002cf0       0x28 ./mbed/TARGET_NUCLEO_F446RE/TOOLCHAIN_GCC_ARM\libmbed.a(FileBase.o)
                0x08002cf0                mbed::FileBase::FileBase(char const*, mbed::PathType)
                0x08002cf0                mbed::FileBase::FileBase(char const*, mbed::PathType)
 .text._ZN4mbed8FileBase6lookupEPKcj
                0x08002d18       0x3c ./mbed/TARGET_NUCLEO_F446RE/TOOLCHAIN_GCC_ARM\libmbed.a(FileBase.o)
                0x08002d18                mbed::FileBase::lookup(char const*, unsigned int)
 .text._ZN4mbed8FileBase11getPathTypeEv
                0x08002d54        0x4 ./mbed/TARGET_NUCLEO_F446RE/TOOLCHAIN_GCC_ARM\libmbed.a(FileBase.o)
                0x08002d54                mbed::FileBase::getPathType()
 .text._ZN4mbed8FileLikeC2EPKc
                0x08002d58       0x28 ./mbed/TARGET_NUCLEO_F446RE/TOOLCHAIN_GCC_ARM\libmbed.a(FileLike.o)
                0x08002d58                mbed::FileLike::FileLike(char const*)
                0x08002d58                mbed::FileLike::FileLike(char const*)
 .text._ZN4mbed8FileLikeD2Ev
                0x08002d80       0x24 ./mbed/TARGET_NUCLEO_F446RE/TOOLCHAIN_GCC_ARM\libmbed.a(FileLike.o)
                0x08002d80                mbed::FileLike::~FileLike()
                0x08002d80                mbed::FileLike::~FileLike()
 .text.ticker_irq_handler
                0x08002da4       0x4c ./mbed/TARGET_NUCLEO_F446RE/TOOLCHAIN_GCC_ARM\libmbed.a(ticker_api.o)
                0x08002da4                ticker_irq_handler
 .text.__aeabi_atexit
                0x08002df0        0xa c:/program files (x86)/gnu tools arm embedded/5.3 2016q1/bin/../lib/gcc/arm-none-eabi/5.3.1/../../../../arm-none-eabi/lib/armv7e-m/softfp\libstdc++_nano.a(atexit_arm.o)
                0x08002df0                __aeabi_atexit
 .text._ZdlPv   0x08002dfa        0x4 c:/program files (x86)/gnu tools arm embedded/5.3 2016q1/bin/../lib/gcc/arm-none-eabi/5.3.1/../../../../arm-none-eabi/lib/armv7e-m/softfp\libstdc++_nano.a(del_op.o)
                0x08002dfa                operator delete(void*)
 *fill*         0x08002dfe        0x2 
 .text.__cxa_atexit
                0x08002e00       0x1c c:/program files (x86)/gnu tools arm embedded/5.3 2016q1/bin/../lib/gcc/arm-none-eabi/5.3.1/../../../../arm-none-eabi/lib/armv7e-m/softfp\libc_nano.a(lib_a-cxa_atexit.o)
                0x08002e00                __cxa_atexit
 .text.__errno  0x08002e1c        0xc c:/program files (x86)/gnu tools arm embedded/5.3 2016q1/bin/../lib/gcc/arm-none-eabi/5.3.1/../../../../arm-none-eabi/lib/armv7e-m/softfp\libc_nano.a(lib_a-errno.o)
                0x08002e1c                __errno
 .text.exit     0x08002e28       0x28 c:/program files (x86)/gnu tools arm embedded/5.3 2016q1/bin/../lib/gcc/arm-none-eabi/5.3.1/../../../../arm-none-eabi/lib/armv7e-m/softfp\libc_nano.a(lib_a-exit.o)
                0x08002e28                exit
 .text._fclose_r
                0x08002e50       0xa4 c:/program files (x86)/gnu tools arm embedded/5.3 2016q1/bin/../lib/gcc/arm-none-eabi/5.3.1/../../../../arm-none-eabi/lib/armv7e-m/softfp\libc_nano.a(lib_a-fclose.o)
                0x08002e50                _fclose_r
 .text.fclose   0x08002ef4       0x10 c:/program files (x86)/gnu tools arm embedded/5.3 2016q1/bin/../lib/gcc/arm-none-eabi/5.3.1/../../../../arm-none-eabi/lib/armv7e-m/softfp\libc_nano.a(lib_a-fclose.o)
                0x08002ef4                fclose
 .text.__sflush_r
                0x08002f04      0x110 c:/program files (x86)/gnu tools arm embedded/5.3 2016q1/bin/../lib/gcc/arm-none-eabi/5.3.1/../../../../arm-none-eabi/lib/armv7e-m/softfp\libc_nano.a(lib_a-fflush.o)
                0x08002f04                __sflush_r
 .text._fflush_r
                0x08003014       0x54 c:/program files (x86)/gnu tools arm embedded/5.3 2016q1/bin/../lib/gcc/arm-none-eabi/5.3.1/../../../../arm-none-eabi/lib/armv7e-m/softfp\libc_nano.a(lib_a-fflush.o)
                0x08003014                _fflush_r
 .text.fflush   0x08003068       0x24 c:/program files (x86)/gnu tools arm embedded/5.3 2016q1/bin/../lib/gcc/arm-none-eabi/5.3.1/../../../../arm-none-eabi/lib/armv7e-m/softfp\libc_nano.a(lib_a-fflush.o)
                0x08003068                fflush
 .text._fgetc_r
                0x0800308c       0x58 c:/program files (x86)/gnu tools arm embedded/5.3 2016q1/bin/../lib/gcc/arm-none-eabi/5.3.1/../../../../arm-none-eabi/lib/armv7e-m/softfp\libc_nano.a(lib_a-fgetc.o)
                0x0800308c                _fgetc_r
 .text.fgetc    0x080030e4       0x10 c:/program files (x86)/gnu tools arm embedded/5.3 2016q1/bin/../lib/gcc/arm-none-eabi/5.3.1/../../../../arm-none-eabi/lib/armv7e-m/softfp\libc_nano.a(lib_a-fgetc.o)
                0x080030e4                fgetc
 .text._cleanup_r
                0x080030f4        0xc c:/program files (x86)/gnu tools arm embedded/5.3 2016q1/bin/../lib/gcc/arm-none-eabi/5.3.1/../../../../arm-none-eabi/lib/armv7e-m/softfp\libc_nano.a(lib_a-findfp.o)
                0x080030f4                _cleanup_r
 .text.std.isra.0
                0x08003100       0x48 c:/program files (x86)/gnu tools arm embedded/5.3 2016q1/bin/../lib/gcc/arm-none-eabi/5.3.1/../../../../arm-none-eabi/lib/armv7e-m/softfp\libc_nano.a(lib_a-findfp.o)
 .text.__sfmoreglue
                0x08003148       0x2c c:/program files (x86)/gnu tools arm embedded/5.3 2016q1/bin/../lib/gcc/arm-none-eabi/5.3.1/../../../../arm-none-eabi/lib/armv7e-m/softfp\libc_nano.a(lib_a-findfp.o)
                0x08003148                __sfmoreglue
 .text.__sinit  0x08003174       0x60 c:/program files (x86)/gnu tools arm embedded/5.3 2016q1/bin/../lib/gcc/arm-none-eabi/5.3.1/../../../../arm-none-eabi/lib/armv7e-m/softfp\libc_nano.a(lib_a-findfp.o)
                0x08003174                __sinit
 .text.__sfp    0x080031d4       0x78 c:/program files (x86)/gnu tools arm embedded/5.3 2016q1/bin/../lib/gcc/arm-none-eabi/5.3.1/../../../../arm-none-eabi/lib/armv7e-m/softfp\libc_nano.a(lib_a-findfp.o)
                0x080031d4                __sfp
 .text.__sfp_lock_acquire
                0x0800324c        0x2 c:/program files (x86)/gnu tools arm embedded/5.3 2016q1/bin/../lib/gcc/arm-none-eabi/5.3.1/../../../../arm-none-eabi/lib/armv7e-m/softfp\libc_nano.a(lib_a-findfp.o)
                0x0800324c                __sfp_lock_acquire
 .text.__sfp_lock_release
                0x0800324e        0x2 c:/program files (x86)/gnu tools arm embedded/5.3 2016q1/bin/../lib/gcc/arm-none-eabi/5.3.1/../../../../arm-none-eabi/lib/armv7e-m/softfp\libc_nano.a(lib_a-findfp.o)
                0x0800324e                __sfp_lock_release
 .text._fopen_r
                0x08003250       0x80 c:/program files (x86)/gnu tools arm embedded/5.3 2016q1/bin/../lib/gcc/arm-none-eabi/5.3.1/../../../../arm-none-eabi/lib/armv7e-m/softfp\libc_nano.a(lib_a-fopen.o)
                0x08003250                _fopen_r
 .text.fopen    0x080032d0       0x10 c:/program files (x86)/gnu tools arm embedded/5.3 2016q1/bin/../lib/gcc/arm-none-eabi/5.3.1/../../../../arm-none-eabi/lib/armv7e-m/softfp\libc_nano.a(lib_a-fopen.o)
                0x080032d0                fopen
 .text._fputc_r
                0x080032e0       0x48 c:/program files (x86)/gnu tools arm embedded/5.3 2016q1/bin/../lib/gcc/arm-none-eabi/5.3.1/../../../../arm-none-eabi/lib/armv7e-m/softfp\libc_nano.a(lib_a-fputc.o)
                0x080032e0                _fputc_r
 .text.fputc    0x08003328       0x10 c:/program files (x86)/gnu tools arm embedded/5.3 2016q1/bin/../lib/gcc/arm-none-eabi/5.3.1/../../../../arm-none-eabi/lib/armv7e-m/softfp\libc_nano.a(lib_a-fputc.o)
                0x08003328                fputc
 .text._fseek_r
                0x08003338        0x4 c:/program files (x86)/gnu tools arm embedded/5.3 2016q1/bin/../lib/gcc/arm-none-eabi/5.3.1/../../../../arm-none-eabi/lib/armv7e-m/softfp\libc_nano.a(lib_a-fseek.o)
                0x08003338                _fseek_r
 .text._fseeko_r
                0x0800333c      0x118 c:/program files (x86)/gnu tools arm embedded/5.3 2016q1/bin/../lib/gcc/arm-none-eabi/5.3.1/../../../../arm-none-eabi/lib/armv7e-m/softfp\libc_nano.a(lib_a-fseeko.o)
                0x0800333c                _fseeko_r
 .text._fwalk   0x08003454       0x38 c:/program files (x86)/gnu tools arm embedded/5.3 2016q1/bin/../lib/gcc/arm-none-eabi/5.3.1/../../../../arm-none-eabi/lib/armv7e-m/softfp\libc_nano.a(lib_a-fwalk.o)
                0x08003454                _fwalk
 .text._fwalk_reent
                0x0800348c       0x3c c:/program files (x86)/gnu tools arm embedded/5.3 2016q1/bin/../lib/gcc/arm-none-eabi/5.3.1/../../../../arm-none-eabi/lib/armv7e-m/softfp\libc_nano.a(lib_a-fwalk.o)
                0x0800348c                _fwalk_reent
 .text.__libc_init_array
                0x080034c8       0x4c c:/program files (x86)/gnu tools arm embedded/5.3 2016q1/bin/../lib/gcc/arm-none-eabi/5.3.1/../../../../arm-none-eabi/lib/armv7e-m/softfp\libc_nano.a(lib_a-init.o)
                0x080034c8                __libc_init_array
 .text.__swhatbuf_r
                0x08003514       0x46 c:/program files (x86)/gnu tools arm embedded/5.3 2016q1/bin/../lib/gcc/arm-none-eabi/5.3.1/../../../../arm-none-eabi/lib/armv7e-m/softfp\libc_nano.a(lib_a-makebuf.o)
                0x08003514                __swhatbuf_r
 *fill*         0x0800355a        0x2 
 .text.__smakebuf_r
                0x0800355c       0x78 c:/program files (x86)/gnu tools arm embedded/5.3 2016q1/bin/../lib/gcc/arm-none-eabi/5.3.1/../../../../arm-none-eabi/lib/armv7e-m/softfp\libc_nano.a(lib_a-makebuf.o)
                0x0800355c                __smakebuf_r
 .text.malloc   0x080035d4       0x10 c:/program files (x86)/gnu tools arm embedded/5.3 2016q1/bin/../lib/gcc/arm-none-eabi/5.3.1/../../../../arm-none-eabi/lib/armv7e-m/softfp\libc_nano.a(lib_a-malloc.o)
                0x080035d4                malloc
 .text.free     0x080035e4       0x10 c:/program files (x86)/gnu tools arm embedded/5.3 2016q1/bin/../lib/gcc/arm-none-eabi/5.3.1/../../../../arm-none-eabi/lib/armv7e-m/softfp\libc_nano.a(lib_a-malloc.o)
                0x080035e4                free
 *fill*         0x080035f4        0xc 
 .text          0x08003600       0xa0 c:/program files (x86)/gnu tools arm embedded/5.3 2016q1/bin/../lib/gcc/arm-none-eabi/5.3.1/../../../../arm-none-eabi/lib/armv7e-m/softfp\libc_nano.a(lib_a-memchr.o)
                0x08003600                memchr
 .text.memcpy   0x080036a0       0x16 c:/program files (x86)/gnu tools arm embedded/5.3 2016q1/bin/../lib/gcc/arm-none-eabi/5.3.1/../../../../arm-none-eabi/lib/armv7e-m/softfp\libc_nano.a(lib_a-memcpy-stub.o)
                0x080036a0                memcpy
 .text.memset   0x080036b6       0x10 c:/program files (x86)/gnu tools arm embedded/5.3 2016q1/bin/../lib/gcc/arm-none-eabi/5.3.1/../../../../arm-none-eabi/lib/armv7e-m/softfp\libc_nano.a(lib_a-memset.o)
                0x080036b6                memset
 *fill*         0x080036c6        0x2 
 .text._free_r  0x080036c8       0x8c c:/program files (x86)/gnu tools arm embedded/5.3 2016q1/bin/../lib/gcc/arm-none-eabi/5.3.1/../../../../arm-none-eabi/lib/armv7e-m/softfp\libc_nano.a(lib_a-nano-freer.o)
                0x080036c8                _free_r
 .text._malloc_r
                0x08003754       0xa8 c:/program files (x86)/gnu tools arm embedded/5.3 2016q1/bin/../lib/gcc/arm-none-eabi/5.3.1/../../../../arm-none-eabi/lib/armv7e-m/softfp\libc_nano.a(lib_a-nano-mallocr.o)
                0x08003754                _malloc_r
 .text.__sfputc_r
                0x080037fc       0x30 c:/program files (x86)/gnu tools arm embedded/5.3 2016q1/bin/../lib/gcc/arm-none-eabi/5.3.1/../../../../arm-none-eabi/lib/armv7e-m/softfp\libc_nano.a(lib_a-nano-vfprintf.o)
 .text.__sfputs_r
                0x0800382c       0x24 c:/program files (x86)/gnu tools arm embedded/5.3 2016q1/bin/../lib/gcc/arm-none-eabi/5.3.1/../../../../arm-none-eabi/lib/armv7e-m/softfp\libc_nano.a(lib_a-nano-vfprintf.o)
                0x0800382c                __sfputs_r
 .text._vfprintf_r
                0x08003850      0x238 c:/program files (x86)/gnu tools arm embedded/5.3 2016q1/bin/../lib/gcc/arm-none-eabi/5.3.1/../../../../arm-none-eabi/lib/armv7e-m/softfp\libc_nano.a(lib_a-nano-vfprintf.o)
                0x08003850                _vfprintf_r
                0x08003850                _vfiprintf_r
 .text.vfprintf
                0x08003a88       0x14 c:/program files (x86)/gnu tools arm embedded/5.3 2016q1/bin/../lib/gcc/arm-none-eabi/5.3.1/../../../../arm-none-eabi/lib/armv7e-m/softfp\libc_nano.a(lib_a-nano-vfprintf.o)
                0x08003a88                vfprintf
                0x08003a88                vfiprintf
 .text.__cvt    0x08003a9c       0xc2 c:/program files (x86)/gnu tools arm embedded/5.3 2016q1/bin/../lib/gcc/arm-none-eabi/5.3.1/../../../../arm-none-eabi/lib/armv7e-m/softfp\libc_nano.a(lib_a-nano-vfprintf_float.o)
                0x08003a9c                __cvt
 .text.__exponent
                0x08003b5e       0x60 c:/program files (x86)/gnu tools arm embedded/5.3 2016q1/bin/../lib/gcc/arm-none-eabi/5.3.1/../../../../arm-none-eabi/lib/armv7e-m/softfp\libc_nano.a(lib_a-nano-vfprintf_float.o)
                0x08003b5e                __exponent
 *fill*         0x08003bbe        0x2 
 .text._printf_float
                0x08003bc0      0x488 c:/program files (x86)/gnu tools arm embedded/5.3 2016q1/bin/../lib/gcc/arm-none-eabi/5.3.1/../../../../arm-none-eabi/lib/armv7e-m/softfp\libc_nano.a(lib_a-nano-vfprintf_float.o)
                0x08003bc0                _printf_float
 .text._printf_common
                0x08004048       0xec c:/program files (x86)/gnu tools arm embedded/5.3 2016q1/bin/../lib/gcc/arm-none-eabi/5.3.1/../../../../arm-none-eabi/lib/armv7e-m/softfp\libc_nano.a(lib_a-nano-vfprintf_i.o)
                0x08004048                _printf_common
 .text._printf_i
                0x08004134      0x24c c:/program files (x86)/gnu tools arm embedded/5.3 2016q1/bin/../lib/gcc/arm-none-eabi/5.3.1/../../../../arm-none-eabi/lib/armv7e-m/softfp\libc_nano.a(lib_a-nano-vfprintf_i.o)
                0x08004134                _printf_i
 .text._scanf_float
                0x08004380      0x3bc c:/program files (x86)/gnu tools arm embedded/5.3 2016q1/bin/../lib/gcc/arm-none-eabi/5.3.1/../../../../arm-none-eabi/lib/armv7e-m/softfp\libc_nano.a(lib_a-nano-vfscanf_float.o)
                0x08004380                _scanf_float
 .text._scanf_chars
                0x0800473c       0xc8 c:/program files (x86)/gnu tools arm embedded/5.3 2016q1/bin/../lib/gcc/arm-none-eabi/5.3.1/../../../../arm-none-eabi/lib/armv7e-m/softfp\libc_nano.a(lib_a-nano-vfscanf_i.o)
                0x0800473c                _scanf_chars
 .text._scanf_i
                0x08004804      0x1e4 c:/program files (x86)/gnu tools arm embedded/5.3 2016q1/bin/../lib/gcc/arm-none-eabi/5.3.1/../../../../arm-none-eabi/lib/armv7e-m/softfp\libc_nano.a(lib_a-nano-vfscanf_i.o)
                0x08004804                _scanf_i
 .text._open_r  0x080049e8       0x24 c:/program files (x86)/gnu tools arm embedded/5.3 2016q1/bin/../lib/gcc/arm-none-eabi/5.3.1/../../../../arm-none-eabi/lib/armv7e-m/softfp\libc_nano.a(lib_a-openr.o)
                0x080049e8                _open_r
 .text.printf   0x08004a0c       0x30 c:/program files (x86)/gnu tools arm embedded/5.3 2016q1/bin/../lib/gcc/arm-none-eabi/5.3.1/../../../../arm-none-eabi/lib/armv7e-m/softfp\libc_nano.a(lib_a-printf.o)
                0x08004a0c                iprintf
                0x08004a0c                printf
 .text._putc_r  0x08004a3c       0x6c c:/program files (x86)/gnu tools arm embedded/5.3 2016q1/bin/../lib/gcc/arm-none-eabi/5.3.1/../../../../arm-none-eabi/lib/armv7e-m/softfp\libc_nano.a(lib_a-putc.o)
                0x08004a3c                _putc_r
 .text.lflush   0x08004aa8       0x12 c:/program files (x86)/gnu tools arm embedded/5.3 2016q1/bin/../lib/gcc/arm-none-eabi/5.3.1/../../../../arm-none-eabi/lib/armv7e-m/softfp\libc_nano.a(lib_a-refill.o)
 *fill*         0x08004aba        0x2 
 .text.__srefill_r
                0x08004abc      0x110 c:/program files (x86)/gnu tools arm embedded/5.3 2016q1/bin/../lib/gcc/arm-none-eabi/5.3.1/../../../../arm-none-eabi/lib/armv7e-m/softfp\libc_nano.a(lib_a-refill.o)
                0x08004abc                __srefill_r
 .text.__srget_r
                0x08004bcc       0x58 c:/program files (x86)/gnu tools arm embedded/5.3 2016q1/bin/../lib/gcc/arm-none-eabi/5.3.1/../../../../arm-none-eabi/lib/armv7e-m/softfp\libc_nano.a(lib_a-rget.o)
                0x08004bcc                __srget_r
 .text._sbrk_r  0x08004c24       0x20 c:/program files (x86)/gnu tools arm embedded/5.3 2016q1/bin/../lib/gcc/arm-none-eabi/5.3.1/../../../../arm-none-eabi/lib/armv7e-m/softfp\libc_nano.a(lib_a-sbrkr.o)
                0x08004c24                _sbrk_r
 .text.__sccl   0x08004c44       0x62 c:/program files (x86)/gnu tools arm embedded/5.3 2016q1/bin/../lib/gcc/arm-none-eabi/5.3.1/../../../../arm-none-eabi/lib/armv7e-m/softfp\libc_nano.a(lib_a-sccl.o)
                0x08004c44                __sccl
 .text.setbuf   0x08004ca6       0x10 c:/program files (x86)/gnu tools arm embedded/5.3 2016q1/bin/../lib/gcc/arm-none-eabi/5.3.1/../../../../arm-none-eabi/lib/armv7e-m/softfp\libc_nano.a(lib_a-setbuf.o)
                0x08004ca6                setbuf
 *fill*         0x08004cb6        0x2 
 .text.setvbuf  0x08004cb8      0x154 c:/program files (x86)/gnu tools arm embedded/5.3 2016q1/bin/../lib/gcc/arm-none-eabi/5.3.1/../../../../arm-none-eabi/lib/armv7e-m/softfp\libc_nano.a(lib_a-setvbuf.o)
                0x08004cb8                setvbuf
 .text.nanf     0x08004e0c        0x8 c:/program files (x86)/gnu tools arm embedded/5.3 2016q1/bin/../lib/gcc/arm-none-eabi/5.3.1/../../../../arm-none-eabi/lib/armv7e-m/softfp\libc_nano.a(lib_a-sf_nan.o)
                0x08004e0c                nanf
 .text.sprintf  0x08004e14       0x48 c:/program files (x86)/gnu tools arm embedded/5.3 2016q1/bin/../lib/gcc/arm-none-eabi/5.3.1/../../../../arm-none-eabi/lib/armv7e-m/softfp\libc_nano.a(lib_a-sprintf.o)
                0x08004e14                siprintf
                0x08004e14                sprintf
 .text.sscanf   0x08004e5c       0x54 c:/program files (x86)/gnu tools arm embedded/5.3 2016q1/bin/../lib/gcc/arm-none-eabi/5.3.1/../../../../arm-none-eabi/lib/armv7e-m/softfp\libc_nano.a(lib_a-sscanf.o)
                0x08004e5c                siscanf
                0x08004e5c                sscanf
 .text.__sread  0x08004eb0       0x22 c:/program files (x86)/gnu tools arm embedded/5.3 2016q1/bin/../lib/gcc/arm-none-eabi/5.3.1/../../../../arm-none-eabi/lib/armv7e-m/softfp\libc_nano.a(lib_a-stdio.o)
                0x08004eb0                __sread
 .text.__seofread
                0x08004ed2        0x4 c:/program files (x86)/gnu tools arm embedded/5.3 2016q1/bin/../lib/gcc/arm-none-eabi/5.3.1/../../../../arm-none-eabi/lib/armv7e-m/softfp\libc_nano.a(lib_a-stdio.o)
                0x08004ed2                __seofread
 .text.__swrite
                0x08004ed6       0x38 c:/program files (x86)/gnu tools arm embedded/5.3 2016q1/bin/../lib/gcc/arm-none-eabi/5.3.1/../../../../arm-none-eabi/lib/armv7e-m/softfp\libc_nano.a(lib_a-stdio.o)
                0x08004ed6                __swrite
 .text.__sseek  0x08004f0e       0x24 c:/program files (x86)/gnu tools arm embedded/5.3 2016q1/bin/../lib/gcc/arm-none-eabi/5.3.1/../../../../arm-none-eabi/lib/armv7e-m/softfp\libc_nano.a(lib_a-stdio.o)
                0x08004f0e                __sseek
 .text.__sclose
                0x08004f32        0x8 c:/program files (x86)/gnu tools arm embedded/5.3 2016q1/bin/../lib/gcc/arm-none-eabi/5.3.1/../../../../arm-none-eabi/lib/armv7e-m/softfp\libc_nano.a(lib_a-stdio.o)
                0x08004f32                __sclose
 .text          0x08004f3a       0x14 c:/program files (x86)/gnu tools arm embedded/5.3 2016q1/bin/../lib/gcc/arm-none-eabi/5.3.1/../../../../arm-none-eabi/lib/armv7e-m/softfp\libc_nano.a(lib_a-strcmp.o)
                0x08004f3a                strcmp
 .text          0x08004f4e       0x10 c:/program files (x86)/gnu tools arm embedded/5.3 2016q1/bin/../lib/gcc/arm-none-eabi/5.3.1/../../../../arm-none-eabi/lib/armv7e-m/softfp\libc_nano.a(lib_a-strlen.o)
                0x08004f4e                strlen
 .text.strncmp  0x08004f5e       0x2a c:/program files (x86)/gnu tools arm embedded/5.3 2016q1/bin/../lib/gcc/arm-none-eabi/5.3.1/../../../../arm-none-eabi/lib/armv7e-m/softfp\libc_nano.a(lib_a-strncmp.o)
                0x08004f5e                strncmp
 .text.sulp     0x08004f88       0x42 c:/program files (x86)/gnu tools arm embedded/5.3 2016q1/bin/../lib/gcc/arm-none-eabi/5.3.1/../../../../arm-none-eabi/lib/armv7e-m/softfp\libc_nano.a(lib_a-strtod.o)
 *fill*         0x08004fca        0x6 
 .text._strtod_r
                0x08004fd0      0xbf8 c:/program files (x86)/gnu tools arm embedded/5.3 2016q1/bin/../lib/gcc/arm-none-eabi/5.3.1/../../../../arm-none-eabi/lib/armv7e-m/softfp\libc_nano.a(lib_a-strtod.o)
                0x08004fd0                _strtod_r
 .text._strtol_r
                0x08005bc8      0x10c c:/program files (x86)/gnu tools arm embedded/5.3 2016q1/bin/../lib/gcc/arm-none-eabi/5.3.1/../../../../arm-none-eabi/lib/armv7e-m/softfp\libc_nano.a(lib_a-strtol.o)
                0x08005bc8                _strtol_r
 .text._strtoul_r
                0x08005cd4       0xfc c:/program files (x86)/gnu tools arm embedded/5.3 2016q1/bin/../lib/gcc/arm-none-eabi/5.3.1/../../../../arm-none-eabi/lib/armv7e-m/softfp\libc_nano.a(lib_a-strtoul.o)
                0x08005cd4                _strtoul_r
 .text.__submore
                0x08005dd0       0x76 c:/program files (x86)/gnu tools arm embedded/5.3 2016q1/bin/../lib/gcc/arm-none-eabi/5.3.1/../../../../arm-none-eabi/lib/armv7e-m/softfp\libc_nano.a(lib_a-ungetc.o)
                0x08005dd0                __submore
 *fill*         0x08005e46        0x2 
 .text.__swbuf_r
                0x08005e48       0xa8 c:/program files (x86)/gnu tools arm embedded/5.3 2016q1/bin/../lib/gcc/arm-none-eabi/5.3.1/../../../../arm-none-eabi/lib/armv7e-m/softfp\libc_nano.a(lib_a-wbuf.o)
                0x08005e48                __swbuf_r
 .text._write_r
                0x08005ef0       0x24 c:/program files (x86)/gnu tools arm embedded/5.3 2016q1/bin/../lib/gcc/arm-none-eabi/5.3.1/../../../../arm-none-eabi/lib/armv7e-m/softfp\libc_nano.a(lib_a-writer.o)
                0x08005ef0                _write_r
 .text.__swsetup_r
                0x08005f14       0xdc c:/program files (x86)/gnu tools arm embedded/5.3 2016q1/bin/../lib/gcc/arm-none-eabi/5.3.1/../../../../arm-none-eabi/lib/armv7e-m/softfp\libc_nano.a(lib_a-wsetup.o)
                0x08005f14                __swsetup_r
 .text._close_r
                0x08005ff0       0x20 c:/program files (x86)/gnu tools arm embedded/5.3 2016q1/bin/../lib/gcc/arm-none-eabi/5.3.1/../../../../arm-none-eabi/lib/armv7e-m/softfp\libc_nano.a(lib_a-closer.o)
                0x08005ff0                _close_r
 .text.quorem   0x08006010      0x11e c:/program files (x86)/gnu tools arm embedded/5.3 2016q1/bin/../lib/gcc/arm-none-eabi/5.3.1/../../../../arm-none-eabi/lib/armv7e-m/softfp\libc_nano.a(lib_a-dtoa.o)
 *fill*         0x0800612e        0x2 
 .text._dtoa_r  0x08006130      0xb38 c:/program files (x86)/gnu tools arm embedded/5.3 2016q1/bin/../lib/gcc/arm-none-eabi/5.3.1/../../../../arm-none-eabi/lib/armv7e-m/softfp\libc_nano.a(lib_a-dtoa.o)
                0x08006130                _dtoa_r
 .text.__sflags
                0x08006c68       0x6e c:/program files (x86)/gnu tools arm embedded/5.3 2016q1/bin/../lib/gcc/arm-none-eabi/5.3.1/../../../../arm-none-eabi/lib/armv7e-m/softfp\libc_nano.a(lib_a-flags.o)
                0x08006c68                __sflags
 *fill*         0x08006cd6        0x2 
 .text._fstat_r
                0x08006cd8       0x24 c:/program files (x86)/gnu tools arm embedded/5.3 2016q1/bin/../lib/gcc/arm-none-eabi/5.3.1/../../../../arm-none-eabi/lib/armv7e-m/softfp\libc_nano.a(lib_a-fstatr.o)
                0x08006cd8                _fstat_r
 .text.rshift   0x08006cfc       0x6c c:/program files (x86)/gnu tools arm embedded/5.3 2016q1/bin/../lib/gcc/arm-none-eabi/5.3.1/../../../../arm-none-eabi/lib/armv7e-m/softfp\libc_nano.a(lib_a-gdtoa-gethex.o)
 .text.__hexdig_fun
                0x08006d68       0x2a c:/program files (x86)/gnu tools arm embedded/5.3 2016q1/bin/../lib/gcc/arm-none-eabi/5.3.1/../../../../arm-none-eabi/lib/armv7e-m/softfp\libc_nano.a(lib_a-gdtoa-gethex.o)
                0x08006d68                __hexdig_fun
 .text.__gethex
                0x08006d92      0x43e c:/program files (x86)/gnu tools arm embedded/5.3 2016q1/bin/../lib/gcc/arm-none-eabi/5.3.1/../../../../arm-none-eabi/lib/armv7e-m/softfp\libc_nano.a(lib_a-gdtoa-gethex.o)
                0x08006d92                __gethex
 .text.L_shift  0x080071d0       0x24 c:/program files (x86)/gnu tools arm embedded/5.3 2016q1/bin/../lib/gcc/arm-none-eabi/5.3.1/../../../../arm-none-eabi/lib/armv7e-m/softfp\libc_nano.a(lib_a-gdtoa-hexnan.o)
 .text.__match  0x080071f4       0x26 c:/program files (x86)/gnu tools arm embedded/5.3 2016q1/bin/../lib/gcc/arm-none-eabi/5.3.1/../../../../arm-none-eabi/lib/armv7e-m/softfp\libc_nano.a(lib_a-gdtoa-hexnan.o)
                0x080071f4                __match
 .text.__hexnan
                0x0800721a      0x11c c:/program files (x86)/gnu tools arm embedded/5.3 2016q1/bin/../lib/gcc/arm-none-eabi/5.3.1/../../../../arm-none-eabi/lib/armv7e-m/softfp\libc_nano.a(lib_a-gdtoa-hexnan.o)
                0x0800721a                __hexnan
 *fill*         0x08007336        0x2 
 .text._isatty_r
                0x08007338       0x20 c:/program files (x86)/gnu tools arm embedded/5.3 2016q1/bin/../lib/gcc/arm-none-eabi/5.3.1/../../../../arm-none-eabi/lib/armv7e-m/softfp\libc_nano.a(lib_a-isattyr.o)
                0x08007338                _isatty_r
 .text._localeconv_r
                0x08007358        0x8 c:/program files (x86)/gnu tools arm embedded/5.3 2016q1/bin/../lib/gcc/arm-none-eabi/5.3.1/../../../../arm-none-eabi/lib/armv7e-m/softfp\libc_nano.a(lib_a-locale.o)
                0x08007358                _localeconv_r
 .text._lseek_r
                0x08007360       0x24 c:/program files (x86)/gnu tools arm embedded/5.3 2016q1/bin/../lib/gcc/arm-none-eabi/5.3.1/../../../../arm-none-eabi/lib/armv7e-m/softfp\libc_nano.a(lib_a-lseekr.o)
                0x08007360                _lseek_r
 .text.memmove  0x08007384       0x36 c:/program files (x86)/gnu tools arm embedded/5.3 2016q1/bin/../lib/gcc/arm-none-eabi/5.3.1/../../../../arm-none-eabi/lib/armv7e-m/softfp\libc_nano.a(lib_a-memmove.o)
                0x08007384                memmove
 .text._Balloc  0x080073ba       0x6a c:/program files (x86)/gnu tools arm embedded/5.3 2016q1/bin/../lib/gcc/arm-none-eabi/5.3.1/../../../../arm-none-eabi/lib/armv7e-m/softfp\libc_nano.a(lib_a-mprec.o)
                0x080073ba                _Balloc
 .text._Bfree   0x08007424       0x2e c:/program files (x86)/gnu tools arm embedded/5.3 2016q1/bin/../lib/gcc/arm-none-eabi/5.3.1/../../../../arm-none-eabi/lib/armv7e-m/softfp\libc_nano.a(lib_a-mprec.o)
                0x08007424                _Bfree
 .text.__multadd
                0x08007452       0x76 c:/program files (x86)/gnu tools arm embedded/5.3 2016q1/bin/../lib/gcc/arm-none-eabi/5.3.1/../../../../arm-none-eabi/lib/armv7e-m/softfp\libc_nano.a(lib_a-mprec.o)
                0x08007452                __multadd
 .text.__s2b    0x080074c8       0x7c c:/program files (x86)/gnu tools arm embedded/5.3 2016q1/bin/../lib/gcc/arm-none-eabi/5.3.1/../../../../arm-none-eabi/lib/armv7e-m/softfp\libc_nano.a(lib_a-mprec.o)
                0x080074c8                __s2b
 .text.__hi0bits
                0x08007544       0x40 c:/program files (x86)/gnu tools arm embedded/5.3 2016q1/bin/../lib/gcc/arm-none-eabi/5.3.1/../../../../arm-none-eabi/lib/armv7e-m/softfp\libc_nano.a(lib_a-mprec.o)
                0x08007544                __hi0bits
 .text.__lo0bits
                0x08007584       0x5a c:/program files (x86)/gnu tools arm embedded/5.3 2016q1/bin/../lib/gcc/arm-none-eabi/5.3.1/../../../../arm-none-eabi/lib/armv7e-m/softfp\libc_nano.a(lib_a-mprec.o)
                0x08007584                __lo0bits
 .text.__i2b    0x080075de       0x12 c:/program files (x86)/gnu tools arm embedded/5.3 2016q1/bin/../lib/gcc/arm-none-eabi/5.3.1/../../../../arm-none-eabi/lib/armv7e-m/softfp\libc_nano.a(lib_a-mprec.o)
                0x080075de                __i2b
 .text.__multiply
                0x080075f0      0x122 c:/program files (x86)/gnu tools arm embedded/5.3 2016q1/bin/../lib/gcc/arm-none-eabi/5.3.1/../../../../arm-none-eabi/lib/armv7e-m/softfp\libc_nano.a(lib_a-mprec.o)
                0x080075f0                __multiply
 *fill*         0x08007712        0x2 
 .text.__pow5mult
                0x08007714       0x9c c:/program files (x86)/gnu tools arm embedded/5.3 2016q1/bin/../lib/gcc/arm-none-eabi/5.3.1/../../../../arm-none-eabi/lib/armv7e-m/softfp\libc_nano.a(lib_a-mprec.o)
                0x08007714                __pow5mult
 .text.__lshift
                0x080077b0       0xa2 c:/program files (x86)/gnu tools arm embedded/5.3 2016q1/bin/../lib/gcc/arm-none-eabi/5.3.1/../../../../arm-none-eabi/lib/armv7e-m/softfp\libc_nano.a(lib_a-mprec.o)
                0x080077b0                __lshift
 .text.__mcmp   0x08007852       0x38 c:/program files (x86)/gnu tools arm embedded/5.3 2016q1/bin/../lib/gcc/arm-none-eabi/5.3.1/../../../../arm-none-eabi/lib/armv7e-m/softfp\libc_nano.a(lib_a-mprec.o)
                0x08007852                __mcmp
 .text.__mdiff  0x0800788a       0xbe c:/program files (x86)/gnu tools arm embedded/5.3 2016q1/bin/../lib/gcc/arm-none-eabi/5.3.1/../../../../arm-none-eabi/lib/armv7e-m/softfp\libc_nano.a(lib_a-mprec.o)
                0x0800788a                __mdiff
 .text.__ulp    0x08007948       0x48 c:/program files (x86)/gnu tools arm embedded/5.3 2016q1/bin/../lib/gcc/arm-none-eabi/5.3.1/../../../../arm-none-eabi/lib/armv7e-m/softfp\libc_nano.a(lib_a-mprec.o)
                0x08007948                __ulp
 .text.__b2d    0x08007990       0x9a c:/program files (x86)/gnu tools arm embedded/5.3 2016q1/bin/../lib/gcc/arm-none-eabi/5.3.1/../../../../arm-none-eabi/lib/armv7e-m/softfp\libc_nano.a(lib_a-mprec.o)
                0x08007990                __b2d
 .text.__d2b    0x08007a2a       0x9c c:/program files (x86)/gnu tools arm embedded/5.3 2016q1/bin/../lib/gcc/arm-none-eabi/5.3.1/../../../../arm-none-eabi/lib/armv7e-m/softfp\libc_nano.a(lib_a-mprec.o)
                0x08007a2a                __d2b
 .text.__ratio  0x08007ac6       0x52 c:/program files (x86)/gnu tools arm embedded/5.3 2016q1/bin/../lib/gcc/arm-none-eabi/5.3.1/../../../../arm-none-eabi/lib/armv7e-m/softfp\libc_nano.a(lib_a-mprec.o)
                0x08007ac6                __ratio
 .text.__copybits
                0x08007b18       0x34 c:/program files (x86)/gnu tools arm embedded/5.3 2016q1/bin/../lib/gcc/arm-none-eabi/5.3.1/../../../../arm-none-eabi/lib/armv7e-m/softfp\libc_nano.a(lib_a-mprec.o)
                0x08007b18                __copybits
 .text.__any_on
                0x08007b4c       0x44 c:/program files (x86)/gnu tools arm embedded/5.3 2016q1/bin/../lib/gcc/arm-none-eabi/5.3.1/../../../../arm-none-eabi/lib/armv7e-m/softfp\libc_nano.a(lib_a-mprec.o)
                0x08007b4c                __any_on
 .text._calloc_r
                0x08007b90       0x1c c:/program files (x86)/gnu tools arm embedded/5.3 2016q1/bin/../lib/gcc/arm-none-eabi/5.3.1/../../../../arm-none-eabi/lib/armv7e-m/softfp\libc_nano.a(lib_a-nano-callocr.o)
                0x08007b90                _calloc_r
 .text._realloc_r
                0x08007bac       0x4c c:/program files (x86)/gnu tools arm embedded/5.3 2016q1/bin/../lib/gcc/arm-none-eabi/5.3.1/../../../../arm-none-eabi/lib/armv7e-m/softfp\libc_nano.a(lib_a-nano-reallocr.o)
                0x08007bac                _realloc_r
 .text.__ssputs_r
                0x08007bf8       0xb2 c:/program files (x86)/gnu tools arm embedded/5.3 2016q1/bin/../lib/gcc/arm-none-eabi/5.3.1/../../../../arm-none-eabi/lib/armv7e-m/softfp\libc_nano.a(lib_a-nano-svfprintf.o)
                0x08007bf8                __ssputs_r
 *fill*         0x08007caa        0x2 
 .text._svfprintf_r
                0x08007cac      0x1e8 c:/program files (x86)/gnu tools arm embedded/5.3 2016q1/bin/../lib/gcc/arm-none-eabi/5.3.1/../../../../arm-none-eabi/lib/armv7e-m/softfp\libc_nano.a(lib_a-nano-svfprintf.o)
                0x08007cac                _svfiprintf_r
                0x08007cac                _svfprintf_r
 .text._sungetc_r
                0x08007e94       0x7c c:/program files (x86)/gnu tools arm embedded/5.3 2016q1/bin/../lib/gcc/arm-none-eabi/5.3.1/../../../../arm-none-eabi/lib/armv7e-m/softfp\libc_nano.a(lib_a-nano-svfscanf.o)
                0x08007e94                _sungetc_r
 .text.__ssrefill_r
                0x08007f10       0x3a c:/program files (x86)/gnu tools arm embedded/5.3 2016q1/bin/../lib/gcc/arm-none-eabi/5.3.1/../../../../arm-none-eabi/lib/armv7e-m/softfp\libc_nano.a(lib_a-nano-svfscanf.o)
                0x08007f10                __ssrefill_r
 *fill*         0x08007f4a        0x2 
 .text.__ssvfscanf_r
                0x08007f4c      0x2a8 c:/program files (x86)/gnu tools arm embedded/5.3 2016q1/bin/../lib/gcc/arm-none-eabi/5.3.1/../../../../arm-none-eabi/lib/armv7e-m/softfp\libc_nano.a(lib_a-nano-svfscanf.o)
                0x08007f4c                __ssvfiscanf_r
                0x08007f4c                __ssvfscanf_r
 .text._read_r  0x080081f4       0x24 c:/program files (x86)/gnu tools arm embedded/5.3 2016q1/bin/../lib/gcc/arm-none-eabi/5.3.1/../../../../arm-none-eabi/lib/armv7e-m/softfp\libc_nano.a(lib_a-readr.o)
                0x080081f4                _read_r
 .text._malloc_usable_size_r
                0x08008218       0x14 c:/program files (x86)/gnu tools arm embedded/5.3 2016q1/bin/../lib/gcc/arm-none-eabi/5.3.1/../../../../arm-none-eabi/lib/armv7e-m/softfp\libc_nano.a(lib_a-nano-msizer.o)
                0x08008218                _malloc_usable_size_r
 .text          0x0800822c      0x370 c:/program files (x86)/gnu tools arm embedded/5.3 2016q1/bin/../lib/gcc/arm-none-eabi/5.3.1/armv7e-m/softfp\libgcc.a(_arm_addsubdf3.o)
                0x0800822c                __aeabi_drsub
                0x08008234                __aeabi_dsub
                0x08008234                __subdf3
                0x08008238                __aeabi_dadd
                0x08008238                __adddf3
                0x080084b0                __floatunsidf
                0x080084b0                __aeabi_ui2d
                0x080084d0                __floatsidf
                0x080084d0                __aeabi_i2d
                0x080084f4                __aeabi_f2d
                0x080084f4                __extendsfdf2
                0x08008530                __floatundidf
                0x08008530                __aeabi_ul2d
                0x08008540                __floatdidf
                0x08008540                __aeabi_l2d
 .text          0x0800859c      0x424 c:/program files (x86)/gnu tools arm embedded/5.3 2016q1/bin/../lib/gcc/arm-none-eabi/5.3.1/armv7e-m/softfp\libgcc.a(_arm_muldivdf3.o)
                0x0800859c                __aeabi_dmul
                0x0800859c                __muldf3
                0x080087f0                __divdf3
                0x080087f0                __aeabi_ddiv
 .text          0x080089c0      0x110 c:/program files (x86)/gnu tools arm embedded/5.3 2016q1/bin/../lib/gcc/arm-none-eabi/5.3.1/armv7e-m/softfp\libgcc.a(_arm_cmpdf2.o)
                0x080089c0                __gtdf2
                0x080089c0                __gedf2
                0x080089c8                __ltdf2
                0x080089c8                __ledf2
                0x080089d0                __nedf2
                0x080089d0                __eqdf2
                0x080089d0                __cmpdf2
                0x08008a4c                __aeabi_cdrcmple
                0x08008a5c                __aeabi_cdcmpeq
                0x08008a5c                __aeabi_cdcmple
                0x08008a6c                __aeabi_dcmpeq
                0x08008a80                __aeabi_dcmplt
                0x08008a94                __aeabi_dcmple
                0x08008aa8                __aeabi_dcmpge
                0x08008abc                __aeabi_dcmpgt
 .text          0x08008ad0       0x2c c:/program files (x86)/gnu tools arm embedded/5.3 2016q1/bin/../lib/gcc/arm-none-eabi/5.3.1/armv7e-m/softfp\libgcc.a(_arm_unorddf2.o)
                0x08008ad0                __unorddf2
                0x08008ad0                __aeabi_dcmpun
 .text          0x08008afc       0x50 c:/program files (x86)/gnu tools arm embedded/5.3 2016q1/bin/../lib/gcc/arm-none-eabi/5.3.1/armv7e-m/softfp\libgcc.a(_arm_fixdfsi.o)
                0x08008afc                __aeabi_d2iz
                0x08008afc                __fixdfsi
 .text          0x08008b4c       0x40 c:/program files (x86)/gnu tools arm embedded/5.3 2016q1/bin/../lib/gcc/arm-none-eabi/5.3.1/armv7e-m/softfp\libgcc.a(_arm_fixunsdfsi.o)
                0x08008b4c                __aeabi_d2uiz
                0x08008b4c                __fixunsdfsi
 .text          0x08008b8c       0xa0 c:/program files (x86)/gnu tools arm embedded/5.3 2016q1/bin/../lib/gcc/arm-none-eabi/5.3.1/armv7e-m/softfp\libgcc.a(_arm_truncdfsf2.o)
                0x08008b8c                __truncdfsf2
                0x08008b8c                __aeabi_d2f
 *(.init)
 .init          0x08008c2c        0x4 c:/program files (x86)/gnu tools arm embedded/5.3 2016q1/bin/../lib/gcc/arm-none-eabi/5.3.1/armv7e-m/softfp/crti.o
                0x08008c2c                _init
 .init          0x08008c30        0x8 c:/program files (x86)/gnu tools arm embedded/5.3 2016q1/bin/../lib/gcc/arm-none-eabi/5.3.1/armv7e-m/softfp/crtn.o
 *(.fini)
 .fini          0x08008c38        0x4 c:/program files (x86)/gnu tools arm embedded/5.3 2016q1/bin/../lib/gcc/arm-none-eabi/5.3.1/armv7e-m/softfp/crti.o
                0x08008c38                _fini
 .fini          0x08008c3c        0x8 c:/program files (x86)/gnu tools arm embedded/5.3 2016q1/bin/../lib/gcc/arm-none-eabi/5.3.1/armv7e-m/softfp/crtn.o
 *crtbegin.o(.ctors)
 *crtbegin?.o(.ctors)
 *(EXCLUDE_FILE(*crtend.o *crtend?.o) .ctors)
 *(SORT(.ctors.*))
 *(.ctors)
 *crtbegin.o(.dtors)
 *crtbegin?.o(.dtors)
 *(EXCLUDE_FILE(*crtend.o *crtend?.o) .dtors)
 *(SORT(.dtors.*))
 *(.dtors)
 *(.rodata*)
 .rodata.str1.1
                0x08008c44        0xd main.o
 *fill*         0x08008c51        0x3 
 .rodata._ZTVN4mbed16SerialHalfDuplexE
                0x08008c54       0x5c SerialHalfDuplex/SerialHalfDuplex.o
                0x08008c54                vtable for mbed::SerialHalfDuplex
 .rodata.str1.1
                0x08008cb0        0xf MX106/MX106.o
 *fill*         0x08008cbf        0x1 
 .rodata.str1.4
                0x08008cc0       0x8a mbed/TARGET_NUCLEO_F446RE/TOOLCHAIN_GCC_ARM/board.o
 *fill*         0x08008d4a        0x2 
 .rodata.__stdin_name
                0x08008d4c        0x7 mbed/TARGET_NUCLEO_F446RE/TOOLCHAIN_GCC_ARM/retarget.o
                0x08008d4c                __stdin_name
 *fill*         0x08008d53        0x1 
 .rodata.__stderr_name
                0x08008d54        0x8 mbed/TARGET_NUCLEO_F446RE/TOOLCHAIN_GCC_ARM/retarget.o
                0x08008d54                __stderr_name
 .rodata.__stdout_name
                0x08008d5c        0x8 mbed/TARGET_NUCLEO_F446RE/TOOLCHAIN_GCC_ARM/retarget.o
                0x08008d5c                __stdout_name
 *fill*         0x08008d64        0x4 
 .rodata._ZTVN4mbed10FileHandleE
                0x08008d68       0x2c mbed/TARGET_NUCLEO_F446RE/TOOLCHAIN_GCC_ARM/retarget.o
                0x08008d68                vtable for mbed::FileHandle
 .rodata.str1.4
                0x08008d94        0xe mbed/TARGET_NUCLEO_F446RE/TOOLCHAIN_GCC_ARM/retarget.o
 *fill*         0x08008da2        0x2 
 .rodata.APBAHBPrescTable
                0x08008da4       0x10 mbed/TARGET_NUCLEO_F446RE/TOOLCHAIN_GCC_ARM/stm32f4xx_hal_rcc.o
                0x08008da4                APBAHBPrescTable
 .rodata.AHBPrescTable
                0x08008db4       0x10 mbed/TARGET_NUCLEO_F446RE/TOOLCHAIN_GCC_ARM/system_stm32f4xx.o
                0x08008db4                AHBPrescTable
 .rodata.gpio_mode
                0x08008dc4       0x34 ./mbed/TARGET_NUCLEO_F446RE/TOOLCHAIN_GCC_ARM\libmbed.a(pinmap.o)
 .rodata.str1.4
                0x08008df8       0xa0 ./mbed/TARGET_NUCLEO_F446RE/TOOLCHAIN_GCC_ARM\libmbed.a(pinmap.o)
 .rodata.str1.4
                0x08008e98       0xa0 ./mbed/TARGET_NUCLEO_F446RE/TOOLCHAIN_GCC_ARM\libmbed.a(serial_api.o)
 .rodata._ZTVN4mbed6SerialE
                0x08008f38       0x5c ./mbed/TARGET_NUCLEO_F446RE/TOOLCHAIN_GCC_ARM\libmbed.a(Serial.o)
                0x08008f38                vtable for mbed::Serial
 *fill*         0x08008f94        0x4 
 .rodata._ZTVN4mbed10SerialBaseE
                0x08008f98       0x10 ./mbed/TARGET_NUCLEO_F446RE/TOOLCHAIN_GCC_ARM\libmbed.a(SerialBase.o)
                0x08008f98                vtable for mbed::SerialBase
 .rodata._ZTVN4mbed6StreamE
                0x08008fa8       0x44 ./mbed/TARGET_NUCLEO_F446RE/TOOLCHAIN_GCC_ARM\libmbed.a(Stream.o)
                0x08008fa8                vtable for mbed::Stream
 .rodata.str1.4
                0x08008fec        0x3 ./mbed/TARGET_NUCLEO_F446RE/TOOLCHAIN_GCC_ARM\libmbed.a(Stream.o)
                                  0x7 (size before relaxing)
 *fill*         0x08008fef        0x1 
 .rodata.str1.4
                0x08008ff0       0x31 ./mbed/TARGET_NUCLEO_F446RE/TOOLCHAIN_GCC_ARM\libmbed.a(assert.o)
 .rodata.str1.4
                0x08009021       0x8a ./mbed/TARGET_NUCLEO_F446RE/TOOLCHAIN_GCC_ARM\libmbed.a(gpio.o)
 *fill*         0x08009021        0x3 
 .rodata.str1.4
                0x08009024       0x66 ./mbed/TARGET_NUCLEO_F446RE/TOOLCHAIN_GCC_ARM\libmbed.a(pinmap_common.o)
 *fill*         0x0800908a        0x2 
 .rodata.us_interface
                0x0800908c       0x14 ./mbed/TARGET_NUCLEO_F446RE/TOOLCHAIN_GCC_ARM\libmbed.a(us_ticker_api.o)
 .rodata.us_data
                0x080090a0        0x8 ./mbed/TARGET_NUCLEO_F446RE/TOOLCHAIN_GCC_ARM\libmbed.a(us_ticker_api.o)
 .rodata.PinMap_UART_RX
                0x080090a8       0x6c ./mbed/TARGET_NUCLEO_F446RE/TOOLCHAIN_GCC_ARM\libmbed.a(PeripheralPins.o)
                0x080090a8                PinMap_UART_RX
 .rodata.PinMap_UART_TX
                0x08009114       0x6c ./mbed/TARGET_NUCLEO_F446RE/TOOLCHAIN_GCC_ARM\libmbed.a(PeripheralPins.o)
                0x08009114                PinMap_UART_TX
 .rodata.str1.4
                0x08009180       0x6c ./mbed/TARGET_NUCLEO_F446RE/TOOLCHAIN_GCC_ARM\libmbed.a(gpio_api.o)
                                 0x98 (size before relaxing)
 *fill*         0x080091ec        0x4 
 .rodata._ZTVN4mbed8FileBaseE
                0x080091f0       0x10 ./mbed/TARGET_NUCLEO_F446RE/TOOLCHAIN_GCC_ARM\libmbed.a(FileBase.o)
                0x080091f0                vtable for mbed::FileBase
 .rodata._ZTVN4mbed8FileLikeE
                0x08009200       0x3c ./mbed/TARGET_NUCLEO_F446RE/TOOLCHAIN_GCC_ARM\libmbed.a(FileLike.o)
                0x08009200                vtable for mbed::FileLike
 .rodata.__sf_fake_stdin
                0x0800923c       0x20 c:/program files (x86)/gnu tools arm embedded/5.3 2016q1/bin/../lib/gcc/arm-none-eabi/5.3.1/../../../../arm-none-eabi/lib/armv7e-m/softfp\libc_nano.a(lib_a-findfp.o)
                0x0800923c                __sf_fake_stdin
 .rodata.__sf_fake_stdout
                0x0800925c       0x20 c:/program files (x86)/gnu tools arm embedded/5.3 2016q1/bin/../lib/gcc/arm-none-eabi/5.3.1/../../../../arm-none-eabi/lib/armv7e-m/softfp\libc_nano.a(lib_a-findfp.o)
                0x0800925c                __sf_fake_stdout
 .rodata.__sf_fake_stderr
                0x0800927c       0x20 c:/program files (x86)/gnu tools arm embedded/5.3 2016q1/bin/../lib/gcc/arm-none-eabi/5.3.1/../../../../arm-none-eabi/lib/armv7e-m/softfp\libc_nano.a(lib_a-findfp.o)
                0x0800927c                __sf_fake_stderr
 .rodata.str1.1
                0x0800929c        0x2 c:/program files (x86)/gnu tools arm embedded/5.3 2016q1/bin/../lib/gcc/arm-none-eabi/5.3.1/../../../../arm-none-eabi/lib/armv7e-m/softfp\libc_nano.a(lib_a-impure.o)
 *fill*         0x0800929e        0x2 
 .rodata._global_impure_ptr
                0x080092a0        0x4 c:/program files (x86)/gnu tools arm embedded/5.3 2016q1/bin/../lib/gcc/arm-none-eabi/5.3.1/../../../../arm-none-eabi/lib/armv7e-m/softfp\libc_nano.a(lib_a-impure.o)
                0x080092a0                _global_impure_ptr
 .rodata.str1.1
                0x080092a4       0x11 c:/program files (x86)/gnu tools arm embedded/5.3 2016q1/bin/../lib/gcc/arm-none-eabi/5.3.1/../../../../arm-none-eabi/lib/armv7e-m/softfp\libc_nano.a(lib_a-nano-vfprintf.o)
 .rodata.str1.1
                0x080092b5       0x10 c:/program files (x86)/gnu tools arm embedded/5.3 2016q1/bin/../lib/gcc/arm-none-eabi/5.3.1/../../../../arm-none-eabi/lib/armv7e-m/softfp\libc_nano.a(lib_a-nano-vfprintf_float.o)
                                 0x12 (size before relaxing)
 .rodata.str1.1
                0x080092c5       0x22 c:/program files (x86)/gnu tools arm embedded/5.3 2016q1/bin/../lib/gcc/arm-none-eabi/5.3.1/../../../../arm-none-eabi/lib/armv7e-m/softfp\libc_nano.a(lib_a-nano-vfprintf_i.o)
 .rodata.str1.1
                0x080092e7        0x5 c:/program files (x86)/gnu tools arm embedded/5.3 2016q1/bin/../lib/gcc/arm-none-eabi/5.3.1/../../../../arm-none-eabi/lib/armv7e-m/softfp\libc_nano.a(lib_a-nano-vfscanf_float.o)
 .rodata        0x080092ec        0xc c:/program files (x86)/gnu tools arm embedded/5.3 2016q1/bin/../lib/gcc/arm-none-eabi/5.3.1/../../../../arm-none-eabi/lib/armv7e-m/softfp\libc_nano.a(lib_a-nano-vfscanf_i.o)
 .rodata.str1.1
                0x080092f8       0x1b c:/program files (x86)/gnu tools arm embedded/5.3 2016q1/bin/../lib/gcc/arm-none-eabi/5.3.1/../../../../arm-none-eabi/lib/armv7e-m/softfp\libc_nano.a(lib_a-nano-vfscanf_i.o)
 *fill*         0x08009313        0x1 
 .rodata.fpi.5344
                0x08009314       0x14 c:/program files (x86)/gnu tools arm embedded/5.3 2016q1/bin/../lib/gcc/arm-none-eabi/5.3.1/../../../../arm-none-eabi/lib/armv7e-m/softfp\libc_nano.a(lib_a-strtod.o)
 .rodata.fpinan.5380
                0x08009328       0x14 c:/program files (x86)/gnu tools arm embedded/5.3 2016q1/bin/../lib/gcc/arm-none-eabi/5.3.1/../../../../arm-none-eabi/lib/armv7e-m/softfp\libc_nano.a(lib_a-strtod.o)
 .rodata.str1.1
                0x0800933c       0x1b c:/program files (x86)/gnu tools arm embedded/5.3 2016q1/bin/../lib/gcc/arm-none-eabi/5.3.1/../../../../arm-none-eabi/lib/armv7e-m/softfp\libc_nano.a(lib_a-strtod.o)
                                  0xc (size before relaxing)
 *fill*         0x0800933c        0x4 
 .rodata.tinytens
                0x08009340       0x28 c:/program files (x86)/gnu tools arm embedded/5.3 2016q1/bin/../lib/gcc/arm-none-eabi/5.3.1/../../../../arm-none-eabi/lib/armv7e-m/softfp\libc_nano.a(lib_a-strtod.o)
 .rodata._ctype_
                0x08009368      0x101 c:/program files (x86)/gnu tools arm embedded/5.3 2016q1/bin/../lib/gcc/arm-none-eabi/5.3.1/../../../../arm-none-eabi/lib/armv7e-m/softfp\libc_nano.a(lib_a-ctype_.o)
                0x08009368                _ctype_
 .rodata.str1.1
                0x08009469        0xd c:/program files (x86)/gnu tools arm embedded/5.3 2016q1/bin/../lib/gcc/arm-none-eabi/5.3.1/../../../../arm-none-eabi/lib/armv7e-m/softfp\libc_nano.a(lib_a-dtoa.o)
                                  0xf (size before relaxing)
 .rodata.str1.1
                0x08009476        0x8 c:/program files (x86)/gnu tools arm embedded/5.3 2016q1/bin/../lib/gcc/arm-none-eabi/5.3.1/../../../../arm-none-eabi/lib/armv7e-m/softfp\libc_nano.a(lib_a-locale.o)
                                  0xb (size before relaxing)
 *fill*         0x0800947e        0x2 
 .rodata.__mprec_tens
                0x08009480       0xc8 c:/program files (x86)/gnu tools arm embedded/5.3 2016q1/bin/../lib/gcc/arm-none-eabi/5.3.1/../../../../arm-none-eabi/lib/armv7e-m/softfp\libc_nano.a(lib_a-mprec.o)
                0x08009480                __mprec_tens
 .rodata.__mprec_bigtens
                0x08009548       0x28 c:/program files (x86)/gnu tools arm embedded/5.3 2016q1/bin/../lib/gcc/arm-none-eabi/5.3.1/../../../../arm-none-eabi/lib/armv7e-m/softfp\libc_nano.a(lib_a-mprec.o)
                0x08009548                __mprec_bigtens
 .rodata.p05.5387
                0x08009570        0xc c:/program files (x86)/gnu tools arm embedded/5.3 2016q1/bin/../lib/gcc/arm-none-eabi/5.3.1/../../../../arm-none-eabi/lib/armv7e-m/softfp\libc_nano.a(lib_a-mprec.o)
 .rodata.str1.1
                0x0800957c       0x11 c:/program files (x86)/gnu tools arm embedded/5.3 2016q1/bin/../lib/gcc/arm-none-eabi/5.3.1/../../../../arm-none-eabi/lib/armv7e-m/softfp\libc_nano.a(lib_a-nano-svfprintf.o)
 .rodata.str1.1
                0x0800957c        0x4 c:/program files (x86)/gnu tools arm embedded/5.3 2016q1/bin/../lib/gcc/arm-none-eabi/5.3.1/../../../../arm-none-eabi/lib/armv7e-m/softfp\libc_nano.a(lib_a-nano-svfscanf.o)
 *(.eh_frame*)
 .eh_frame      0x0800957c        0x0 c:/program files (x86)/gnu tools arm embedded/5.3 2016q1/bin/../lib/gcc/arm-none-eabi/5.3.1/armv7e-m/softfp/crtbegin.o
 .eh_frame      0x0800957c        0x4 c:/program files (x86)/gnu tools arm embedded/5.3 2016q1/bin/../lib/gcc/arm-none-eabi/5.3.1/armv7e-m/softfp/crtend.o

.glue_7         0x08009580        0x0
 .glue_7        0x08009580        0x0 linker stubs

.glue_7t        0x08009580        0x0
 .glue_7t       0x08009580        0x0 linker stubs

.vfp11_veneer   0x08009580        0x0
 .vfp11_veneer  0x08009580        0x0 linker stubs

.v4_bx          0x08009580        0x0
 .v4_bx         0x08009580        0x0 linker stubs

.iplt           0x08009580        0x0
 .iplt          0x08009580        0x0 c:/program files (x86)/gnu tools arm embedded/5.3 2016q1/bin/../lib/gcc/arm-none-eabi/5.3.1/armv7e-m/softfp/crtbegin.o

.ARM.extab
 *(.ARM.extab* .gnu.linkonce.armextab.*)
                0x08009580                __exidx_start = .

.ARM.exidx      0x08009580        0x8
 *(.ARM.exidx* .gnu.linkonce.armexidx.*)
 .ARM.exidx     0x08009580        0x8 c:/program files (x86)/gnu tools arm embedded/5.3 2016q1/bin/../lib/gcc/arm-none-eabi/5.3.1/../../../../arm-none-eabi/lib/armv7e-m/softfp/crt0.o
                0x08009588                __exidx_end = .
                0x08009588                __etext = .
                0x08009588                _sidata = .

.rel.dyn        0x08009588        0x0
 .rel.iplt      0x08009588        0x0 c:/program files (x86)/gnu tools arm embedded/5.3 2016q1/bin/../lib/gcc/arm-none-eabi/5.3.1/armv7e-m/softfp/crtbegin.o

.data           0x200001c4       0xbc load address 0x08009588
                0x200001c4                __data_start__ = .
                0x200001c4                _sdata = .
 *(vtable)
 *(.data*)
 .data          0x200001c4        0x4 c:/program files (x86)/gnu tools arm embedded/5.3 2016q1/bin/../lib/gcc/arm-none-eabi/5.3.1/armv7e-m/softfp/crtbegin.o
                0x200001c4                __dso_handle
 .data._ZZ5_sbrkE4heap
                0x200001c8        0x4 mbed/TARGET_NUCLEO_F446RE/TOOLCHAIN_GCC_ARM/retarget.o
 .data.SystemCoreClock
                0x200001cc        0x4 mbed/TARGET_NUCLEO_F446RE/TOOLCHAIN_GCC_ARM/system_stm32f4xx.o
                0x200001cc                SystemCoreClock
 .data.impure_data
                0x200001d0       0x60 c:/program files (x86)/gnu tools arm embedded/5.3 2016q1/bin/../lib/gcc/arm-none-eabi/5.3.1/../../../../arm-none-eabi/lib/armv7e-m/softfp\libc_nano.a(lib_a-impure.o)
 .data._impure_ptr
                0x20000230        0x4 c:/program files (x86)/gnu tools arm embedded/5.3 2016q1/bin/../lib/gcc/arm-none-eabi/5.3.1/../../../../arm-none-eabi/lib/armv7e-m/softfp\libc_nano.a(lib_a-impure.o)
                0x20000230                _impure_ptr
 .data.__ctype_ptr__
                0x20000234        0x4 c:/program files (x86)/gnu tools arm embedded/5.3 2016q1/bin/../lib/gcc/arm-none-eabi/5.3.1/../../../../arm-none-eabi/lib/armv7e-m/softfp\libc_nano.a(lib_a-ctype_.o)
                0x20000234                __ctype_ptr__
 .data.lconv    0x20000238       0x38 c:/program files (x86)/gnu tools arm embedded/5.3 2016q1/bin/../lib/gcc/arm-none-eabi/5.3.1/../../../../arm-none-eabi/lib/armv7e-m/softfp\libc_nano.a(lib_a-locale.o)
                0x20000270                . = ALIGN (0x4)
                0x20000270                PROVIDE (__preinit_array_start, .)